attempt to write a readonly database
attempt to write a readonly database
Unity Editor version:    6000.5.0f1 (88b47c5e7076)
Branch:                  6000.5/staging
Build type:              Release
Batch mode:              YES
macOS version:           Version 15.5 (Build 24F74)
Darwin version:          24.5.0
Architecture:            arm64
Running under Rosetta:   NO
Available memory:        18432 MB
Date:                    2026-09-25T09:16:19Z
[Licensing::Module] Trying to connect to existing licensing client channel...
No explicit failure code handling for error of type 1
[Licensing::IpcConnector] Error: Failed to connect to LicenseClient-burakcoskun channel (error code: 0x80000000) .
[Licensing::IpcConnector] Error: Connection to channel: "LicenseClient-burakcoskun" failed; code: "0x80000000"
[Licensing::IpcConnector] Error: Failed to connect to LicenseClient-burakcoskun channel (error code: 0x80000000) .
[Licensing::IpcConnector] Channel LicenseClient-burakcoskun-6000.5.0 doesn't exist
Launching external process: /Applications/Unity/Hub/Editor/6000.5.0f1/Unity.app/Contents/Helpers/UnityLicensingClient.app/Contents/MacOS/Unity.Licensing.Client
[Licensing::Module] Successfully launched the LicensingClient (PId: 97648)
Launching external process: /Applications/Unity/Hub/Editor/6000.5.0f1/Unity.app/Contents/Helpers/PackageManager/Server/UnityPackageManager

COMMAND LINE ARGUMENTS:
/Applications/Unity/Hub/Editor/6000.5.0f1/Unity.app/Contents/MacOS/Unity
-batchmode
-projectPath
.
-runTests
-testPlatform
PlayMode
-testResults
PlayMode_Testing.xml
-testFilter
TwoExpeditionsWeatherSleepSaveLoadProductionRoute
-logFile
test_log.txt
Successfully changed project path to: /Users/burakcoskun/Last Signal
/Users/burakcoskun/Last Signal
[UnityMemory] Configuration Parameters - Can be set up in boot.config
    "memorysetup-temp-allocator-size-gi-baking-worker=262144"
    "memorysetup-temp-allocator-size-gi-baking-worker=262144"
    "memorysetup-temp-allocator-size-gi-baking-worker=262144"
    "memorysetup-temp-allocator-size-gi-baking-worker=262144"
    "memorysetup-temp-allocator-size-gi-baking-worker=262144"
    "memorysetup-temp-allocator-size-nav-mesh-worker=65536"
    "memorysetup-temp-allocator-size-audio-worker=65536"
    "memorysetup-temp-allocator-size-cloud-worker=32768"
    "memorysetup-allocator-temp-initial-block-size-main=262144"
    "memorysetup-allocator-temp-initial-block-size-worker=262144"
    "memorysetup-temp-allocator-size-preload-manager=33554432"
    "memorysetup-temp-allocator-size-gfx=262144"
    "memorysetup-temp-allocator-size-background-worker=32768"
    "memorysetup-temp-allocator-size-job-worker=262144"
    "memorysetup-bucket-allocator-granularity=16"
    "memorysetup-bucket-allocator-bucket-count=8"
    "memorysetup-bucket-allocator-block-size=33554432"
    "memorysetup-bucket-allocator-block-count=8"
    "memorysetup-main-allocator-block-size=16777216"
    "memorysetup-thread-allocator-block-size=16777216"
    "memorysetup-main-allocator-mimalloc-enabled=0"
    "memorysetup-gfx-main-allocator-block-size=16777216"
    "memorysetup-gfx-thread-allocator-block-size=16777216"
    "memorysetup-cache-allocator-block-size=4194304"
    "memorysetup-typetree-allocator-block-size=2097152"
    "memorysetup-profiler-bucket-allocator-granularity=16"
    "memorysetup-profiler-bucket-allocator-bucket-count=8"
    "memorysetup-profiler-bucket-allocator-block-size=33554432"
    "memorysetup-profiler-bucket-allocator-block-count=8"
    "memorysetup-profiler-allocator-block-size=16777216"
    "memorysetup-profiler-editor-allocator-block-size=1048576"
    "memorysetup-temp-allocator-size-main=16777216"
    "memorysetup-job-temp-allocator-block-size=2097152"
    "memorysetup-job-temp-allocator-block-size-background=1048576"
    "memorysetup-job-temp-allocator-reduction-small-platforms=262144"
Logging is directed to a specific file, skipping project log.Player connection [8519360256]  Target information:

Player connection [8519360256]  * "[IP] 192.168.1.126 [Port] 55504 [Flags] 2 [Guid] 1226700261 [EditorId] 1226700261 [Version] 1048832 [Id] OSXEditor(0,burak-MacBook-Pro.local) [Debug] 1 [PackageName] OSXEditor [ProjectName] Editor" 

Player connection [8519360256] Host joined multi-casting on [225.0.0.222:54997]...
Player connection [8519360256] Host joined alternative multi-casting on [225.0.0.222:34997]...
Input System module state changed to: Initialized.
[Physics::Module] Initialized fallback backend.
[Physics::Module] Id: 0xdecafbad
No explicit failure code handling for error of type 1
No explicit failure code handling for error of type 1
No explicit failure code handling for error of type 1
No explicit failure code handling for error of type 1
No explicit failure code handling for error of type 1
No explicit failure code handling for error of type 1
No explicit failure code handling for error of type 1
No explicit failure code handling for error of type 1
No explicit failure code handling for error of type 1
No explicit failure code handling for error of type 1
No explicit failure code handling for error of type 1
No explicit failure code handling for error of type 1
No explicit failure code handling for error of type 1
No explicit failure code handling for error of type 1
No explicit failure code handling for error of type 1
No explicit failure code handling for error of type 1
No explicit failure code handling for error of type 1
No explicit failure code handling for error of type 1
No explicit failure code handling for error of type 1
No explicit failure code handling for error of type 1
No explicit failure code handling for error of type 1
No explicit failure code handling for error of type 1
No explicit failure code handling for error of type 1
No explicit failure code handling for error of type 1
No explicit failure code handling for error of type 1
No explicit failure code handling for error of type 1
No explicit failure code handling for error of type 1
No explicit failure code handling for error of type 1
No explicit failure code handling for error of type 1
No explicit failure code handling for error of type 1
No explicit failure code handling for error of type 1
No explicit failure code handling for error of type 1
No explicit failure code handling for error of type 1
No explicit failure code handling for error of type 1
No explicit failure code handling for error of type 1
No explicit failure code handling for error of type 1
No explicit failure code handling for error of type 1
No explicit failure code handling for error of type 1
No explicit failure code handling for error of type 1
No explicit failure code handling for error of type 1
No explicit failure code handling for error of type 1
No explicit failure code handling for error of type 1
No explicit failure code handling for error of type 1
No explicit failure code handling for error of type 1
No explicit failure code handling for error of type 1
No explicit failure code handling for error of type 1
No explicit failure code handling for error of type 1
No explicit failure code handling for error of type 1
No explicit failure code handling for error of type 1
No explicit failure code handling for error of type 1
No explicit failure code handling for error of type 1
No explicit failure code handling for error of type 1
No explicit failure code handling for error of type 1
No explicit failure code handling for error of type 1
No explicit failure code handling for error of type 1
No explicit failure code handling for error of type 1
No explicit failure code handling for error of type 1
No explicit failure code handling for error of type 1
No explicit failure code handling for error of type 1
No explicit failure code handling for error of type 1
No explicit failure code handling for error of type 1
No explicit failure code handling for error of type 1
No explicit failure code handling for error of type 1
No explicit failure code handling for error of type 1
No explicit failure code handling for error of type 1
No explicit failure code handling for error of type 1
No explicit failure code handling for error of type 1
No explicit failure code handling for error of type 1
No explicit failure code handling for error of type 1
No explicit failure code handling for error of type 1
No explicit failure code handling for error of type 1
No explicit failure code handling for error of type 1
No explicit failure code handling for error of type 1
No explicit failure code handling for error of type 1
No explicit failure code handling for error of type 1
No explicit failure code handling for error of type 1
No explicit failure code handling for error of type 1
No explicit failure code handling for error of type 1
No explicit failure code handling for error of type 1
No explicit failure code handling for error of type 1
No explicit failure code handling for error of type 1
No explicit failure code handling for error of type 1
No explicit failure code handling for error of type 1
No explicit failure code handling for error of type 1
No explicit failure code handling for error of type 1
No explicit failure code handling for error of type 1
No explicit failure code handling for error of type 1
No explicit failure code handling for error of type 1
No explicit failure code handling for error of type 1
No explicit failure code handling for error of type 1
No explicit failure code handling for error of type 1
No explicit failure code handling for error of type 1
No explicit failure code handling for error of type 1
No explicit failure code handling for error of type 1
No explicit failure code handling for error of type 1
No explicit failure code handling for error of type 1
No explicit failure code handling for error of type 1
No explicit failure code handling for error of type 1
No explicit failure code handling for error of type 1
No explicit failure code handling for error of type 1
No explicit failure code handling for error of type 1
No explicit failure code handling for error of type 1
No explicit failure code handling for error of type 1
No explicit failure code handling for error of type 1
No explicit failure code handling for error of type 1
No explicit failure code handling for error of type 1
No explicit failure code handling for error of type 1
No explicit failure code handling for error of type 1
No explicit failure code handling for error of type 1
No explicit failure code handling for error of type 1
No explicit failure code handling for error of type 1
No explicit failure code handling for error of type 1
No explicit failure code handling for error of type 1
No explicit failure code handling for error of type 1
No explicit failure code handling for error of type 1
No explicit failure code handling for error of type 1
No explicit failure code handling for error of type 1
No explicit failure code handling for error of type 1
No explicit failure code handling for error of type 1
No explicit failure code handling for error of type 1
No explicit failure code handling for error of type 1
No explicit failure code handling for error of type 1
No explicit failure code handling for error of type 1
No explicit failure code handling for error of type 1
No explicit failure code handling for error of type 1
No explicit failure code handling for error of type 1
No explicit failure code handling for error of type 1
No explicit failure code handling for error of type 1
No explicit failure code handling for error of type 1
No explicit failure code handling for error of type 1
No explicit failure code handling for error of type 1
No explicit failure code handling for error of type 1
No explicit failure code handling for error of type 1
No explicit failure code handling for error of type 1
No explicit failure code handling for error of type 1
No explicit failure code handling for error of type 1
No explicit failure code handling for error of type 1
No explicit failure code handling for error of type 1
No explicit failure code handling for error of type 1
No explicit failure code handling for error of type 1
No explicit failure code handling for error of type 1
No explicit failure code handling for error of type 1
No explicit failure code handling for error of type 1
No explicit failure code handling for error of type 1
No explicit failure code handling for error of type 1
No explicit failure code handling for error of type 1
No explicit failure code handling for error of type 1
No explicit failure code handling for error of type 1
No explicit failure code handling for error of type 1
No explicit failure code handling for error of type 1
No explicit failure code handling for error of type 1
No explicit failure code handling for error of type 1
No explicit failure code handling for error of type 1
No explicit failure code handling for error of type 1
No explicit failure code handling for error of type 1
No explicit failure code handling for error of type 1
No explicit failure code handling for error of type 1
No explicit failure code handling for error of type 1
No explicit failure code handling for error of type 1
No explicit failure code handling for error of type 1
No explicit failure code handling for error of type 1
No explicit failure code handling for error of type 1
No explicit failure code handling for error of type 1
No explicit failure code handling for error of type 1
No explicit failure code handling for error of type 1
No explicit failure code handling for error of type 1
No explicit failure code handling for error of type 1
No explicit failure code handling for error of type 1
No explicit failure code handling for error of type 1
No explicit failure code handling for error of type 1
No explicit failure code handling for error of type 1
No explicit failure code handling for error of type 1
No explicit failure code handling for error of type 1
No explicit failure code handling for error of type 1
No explicit failure code handling for error of type 1
No explicit failure code handling for error of type 1
No explicit failure code handling for error of type 1
No explicit failure code handling for error of type 1
No explicit failure code handling for error of type 1
No explicit failure code handling for error of type 1
No explicit failure code handling for error of type 1
No explicit failure code handling for error of type 1
No explicit failure code handling for error of type 1
No explicit failure code handling for error of type 1
No explicit failure code handling for error of type 1
No explicit failure code handling for error of type 1
No explicit failure code handling for error of type 1
No explicit failure code handling for error of type 1
No explicit failure code handling for error of type 1
No explicit failure code handling for error of type 1
No explicit failure code handling for error of type 1
No explicit failure code handling for error of type 1
No explicit failure code handling for error of type 1
No explicit failure code handling for error of type 1
No explicit failure code handling for error of type 1
No explicit failure code handling for error of type 1
No explicit failure code handling for error of type 1
No explicit failure code handling for error of type 1
No explicit failure code handling for error of type 1
No explicit failure code handling for error of type 1
No explicit failure code handling for error of type 1
No explicit failure code handling for error of type 1
No explicit failure code handling for error of type 1
No explicit failure code handling for error of type 1
No explicit failure code handling for error of type 1
No explicit failure code handling for error of type 1
No explicit failure code handling for error of type 1
No explicit failure code handling for error of type 1
No explicit failure code handling for error of type 1
No explicit failure code handling for error of type 1
No explicit failure code handling for error of type 1
No explicit failure code handling for error of type 1
No explicit failure code handling for error of type 1
No explicit failure code handling for error of type 1
No explicit failure code handling for error of type 1
No explicit failure code handling for error of type 1
No explicit failure code handling for error of type 1
No explicit failure code handling for error of type 1
No explicit failure code handling for error of type 1
No explicit failure code handling for error of type 1
No explicit failure code handling for error of type 1
No explicit failure code handling for error of type 1
No explicit failure code handling for error of type 1
No explicit failure code handling for error of type 1
No explicit failure code handling for error of type 1
No explicit failure code handling for error of type 1
No explicit failure code handling for error of type 1
No explicit failure code handling for error of type 1
No explicit failure code handling for error of type 1
No explicit failure code handling for error of type 1
No explicit failure code handling for error of type 1
No explicit failure code handling for error of type 1
No explicit failure code handling for error of type 1
No explicit failure code handling for error of type 1
No explicit failure code handling for error of type 1
No explicit failure code handling for error of type 1
No explicit failure code handling for error of type 1
No explicit failure code handling for error of type 1
No explicit failure code handling for error of type 1
No explicit failure code handling for error of type 1
No explicit failure code handling for error of type 1
No explicit failure code handling for error of type 1
No explicit failure code handling for error of type 1
No explicit failure code handling for error of type 1
No explicit failure code handling for error of type 1
No explicit failure code handling for error of type 1
No explicit failure code handling for error of type 1
No explicit failure code handling for error of type 1
No explicit failure code handling for error of type 1
No explicit failure code handling for error of type 1
No explicit failure code handling for error of type 1
No explicit failure code handling for error of type 1
No explicit failure code handling for error of type 1
No explicit failure code handling for error of type 1
No explicit failure code handling for error of type 1
No explicit failure code handling for error of type 1
No explicit failure code handling for error of type 1
No explicit failure code handling for error of type 1
No explicit failure code handling for error of type 1
No explicit failure code handling for error of type 1
No explicit failure code handling for error of type 1
No explicit failure code handling for error of type 1
No explicit failure code handling for error of type 1
No explicit failure code handling for error of type 1
No explicit failure code handling for error of type 1
No explicit failure code handling for error of type 1
No explicit failure code handling for error of type 1
No explicit failure code handling for error of type 1
No explicit failure code handling for error of type 1
No explicit failure code handling for error of type 1
No explicit failure code handling for error of type 1
No explicit failure code handling for error of type 1
No explicit failure code handling for error of type 1
No explicit failure code handling for error of type 1
No explicit failure code handling for error of type 1
No explicit failure code handling for error of type 1
No explicit failure code handling for error of type 1
No explicit failure code handling for error of type 1
No explicit failure code handling for error of type 1
No explicit failure code handling for error of type 1
No explicit failure code handling for error of type 1
No explicit failure code handling for error of type 1
No explicit failure code handling for error of type 1
No explicit failure code handling for error of type 1
No explicit failure code handling for error of type 1
No explicit failure code handling for error of type 1
No explicit failure code handling for error of type 1
No explicit failure code handling for error of type 1
No explicit failure code handling for error of type 1
No explicit failure code handling for error of type 1
No explicit failure code handling for error of type 1
No explicit failure code handling for error of type 1
No explicit failure code handling for error of type 1
No explicit failure code handling for error of type 1
No explicit failure code handling for error of type 1
No explicit failure code handling for error of type 1
No explicit failure code handling for error of type 1
No explicit failure code handling for error of type 1
No explicit failure code handling for error of type 1
No explicit failure code handling for error of type 1
No explicit failure code handling for error of type 1
No explicit failure code handling for error of type 1
No explicit failure code handling for error of type 1
No explicit failure code handling for error of type 1
No explicit failure code handling for error of type 1
No explicit failure code handling for error of type 1
No explicit failure code handling for error of type 1
No explicit failure code handling for error of type 1
No explicit failure code handling for error of type 1
No explicit failure code handling for error of type 1
No explicit failure code handling for error of type 1
No explicit failure code handling for error of type 1
No explicit failure code handling for error of type 1
No explicit failure code handling for error of type 1
No explicit failure code handling for error of type 1
No explicit failure code handling for error of type 1
No explicit failure code handling for error of type 1
No explicit failure code handling for error of type 1
No explicit failure code handling for error of type 1
No explicit failure code handling for error of type 1
No explicit failure code handling for error of type 1
No explicit failure code handling for error of type 1
No explicit failure code handling for error of type 1
No explicit failure code handling for error of type 1
No explicit failure code handling for error of type 1
No explicit failure code handling for error of type 1
No explicit failure code handling for error of type 1
No explicit failure code handling for error of type 1
No explicit failure code handling for error of type 1
No explicit failure code handling for error of type 1
No explicit failure code handling for error of type 1
No explicit failure code handling for error of type 1
No explicit failure code handling for error of type 1
No explicit failure code handling for error of type 1
No explicit failure code handling for error of type 1
No explicit failure code handling for error of type 1
No explicit failure code handling for error of type 1
No explicit failure code handling for error of type 1
No explicit failure code handling for error of type 1
No explicit failure code handling for error of type 1
No explicit failure code handling for error of type 1
No explicit failure code handling for error of type 1
No explicit failure code handling for error of type 1
No explicit failure code handling for error of type 1
No explicit failure code handling for error of type 1
No explicit failure code handling for error of type 1
No explicit failure code handling for error of type 1
No explicit failure code handling for error of type 1
No explicit failure code handling for error of type 1
No explicit failure code handling for error of type 1
No explicit failure code handling for error of type 1
No explicit failure code handling for error of type 1
No explicit failure code handling for error of type 1
No explicit failure code handling for error of type 1
No explicit failure code handling for error of type 1
No explicit failure code handling for error of type 1
No explicit failure code handling for error of type 1
No explicit failure code handling for error of type 1
No explicit failure code handling for error of type 1
No explicit failure code handling for error of type 1
No explicit failure code handling for error of type 1
No explicit failure code handling for error of type 1
No explicit failure code handling for error of type 1
No explicit failure code handling for error of type 1
No explicit failure code handling for error of type 1
No explicit failure code handling for error of type 1
No explicit failure code handling for error of type 1
No explicit failure code handling for error of type 1
No explicit failure code handling for error of type 1
No explicit failure code handling for error of type 1
No explicit failure code handling for error of type 1
No explicit failure code handling for error of type 1
No explicit failure code handling for error of type 1
No explicit failure code handling for error of type 1
No explicit failure code handling for error of type 1
No explicit failure code handling for error of type 1
No explicit failure code handling for error of type 1
No explicit failure code handling for error of type 1
No explicit failure code handling for error of type 1
No explicit failure code handling for error of type 1
No explicit failure code handling for error of type 1
No explicit failure code handling for error of type 1
No explicit failure code handling for error of type 1
No explicit failure code handling for error of type 1
No explicit failure code handling for error of type 1
No explicit failure code handling for error of type 1
No explicit failure code handling for error of type 1
No explicit failure code handling for error of type 1
No explicit failure code handling for error of type 1
No explicit failure code handling for error of type 1
No explicit failure code handling for error of type 1
No explicit failure code handling for error of type 1
No explicit failure code handling for error of type 1
No explicit failure code handling for error of type 1
No explicit failure code handling for error of type 1
No explicit failure code handling for error of type 1
No explicit failure code handling for error of type 1
No explicit failure code handling for error of type 1
No explicit failure code handling for error of type 1
No explicit failure code handling for error of type 1
No explicit failure code handling for error of type 1
No explicit failure code handling for error of type 1
No explicit failure code handling for error of type 1
No explicit failure code handling for error of type 1
No explicit failure code handling for error of type 1
No explicit failure code handling for error of type 1
No explicit failure code handling for error of type 1
No explicit failure code handling for error of type 1
No explicit failure code handling for error of type 1
No explicit failure code handling for error of type 1
No explicit failure code handling for error of type 1
No explicit failure code handling for error of type 1
No explicit failure code handling for error of type 1
No explicit failure code handling for error of type 1
No explicit failure code handling for error of type 1
No explicit failure code handling for error of type 1
No explicit failure code handling for error of type 1
No explicit failure code handling for error of type 1
No explicit failure code handling for error of type 1
No explicit failure code handling for error of type 1
No explicit failure code handling for error of type 1
No explicit failure code handling for error of type 1
No explicit failure code handling for error of type 1
No explicit failure code handling for error of type 1
No explicit failure code handling for error of type 1
No explicit failure code handling for error of type 1
No explicit failure code handling for error of type 1
No explicit failure code handling for error of type 1
No explicit failure code handling for error of type 1
No explicit failure code handling for error of type 1
No explicit failure code handling for error of type 1
No explicit failure code handling for error of type 1
No explicit failure code handling for error of type 1
No explicit failure code handling for error of type 1
No explicit failure code handling for error of type 1
No explicit failure code handling for error of type 1
No explicit failure code handling for error of type 1
No explicit failure code handling for error of type 1
No explicit failure code handling for error of type 1
No explicit failure code handling for error of type 1
No explicit failure code handling for error of type 1
No explicit failure code handling for error of type 1
No explicit failure code handling for error of type 1
No explicit failure code handling for error of type 1
No explicit failure code handling for error of type 1
No explicit failure code handling for error of type 1
No explicit failure code handling for error of type 1
No explicit failure code handling for error of type 1
No explicit failure code handling for error of type 1
No explicit failure code handling for error of type 1
No explicit failure code handling for error of type 1
No explicit failure code handling for error of type 1
No explicit failure code handling for error of type 1
No explicit failure code handling for error of type 1
No explicit failure code handling for error of type 1
No explicit failure code handling for error of type 1
No explicit failure code handling for error of type 1
No explicit failure code handling for error of type 1
No explicit failure code handling for error of type 1
No explicit failure code handling for error of type 1
No explicit failure code handling for error of type 1
No explicit failure code handling for error of type 1
No explicit failure code handling for error of type 1
No explicit failure code handling for error of type 1
No explicit failure code handling for error of type 1
No explicit failure code handling for error of type 1
No explicit failure code handling for error of type 1
No explicit failure code handling for error of type 1
No explicit failure code handling for error of type 1
No explicit failure code handling for error of type 1
No explicit failure code handling for error of type 1
No explicit failure code handling for error of type 1
No explicit failure code handling for error of type 1
No explicit failure code handling for error of type 1
No explicit failure code handling for error of type 1
No explicit failure code handling for error of type 1
No explicit failure code handling for error of type 1
No explicit failure code handling for error of type 1
No explicit failure code handling for error of type 1
No explicit failure code handling for error of type 1
No explicit failure code handling for error of type 1
No explicit failure code handling for error of type 1
No explicit failure code handling for error of type 1
No explicit failure code handling for error of type 1
No explicit failure code handling for error of type 1
No explicit failure code handling for error of type 1
No explicit failure code handling for error of type 1
No explicit failure code handling for error of type 1
No explicit failure code handling for error of type 1
No explicit failure code handling for error of type 1
No explicit failure code handling for error of type 1
No explicit failure code handling for error of type 1
No explicit failure code handling for error of type 1
No explicit failure code handling for error of type 1
No explicit failure code handling for error of type 1
No explicit failure code handling for error of type 1
No explicit failure code handling for error of type 1
No explicit failure code handling for error of type 1
No explicit failure code handling for error of type 1
No explicit failure code handling for error of type 1
No explicit failure code handling for error of type 1
No explicit failure code handling for error of type 1
No explicit failure code handling for error of type 1
No explicit failure code handling for error of type 1
No explicit failure code handling for error of type 1
No explicit failure code handling for error of type 1
No explicit failure code handling for error of type 1
No explicit failure code handling for error of type 1
No explicit failure code handling for error of type 1
No explicit failure code handling for error of type 1
No explicit failure code handling for error of type 1
No explicit failure code handling for error of type 1
No explicit failure code handling for error of type 1
No explicit failure code handling for error of type 1
No explicit failure code handling for error of type 1
No explicit failure code handling for error of type 1
No explicit failure code handling for error of type 1
No explicit failure code handling for error of type 1
No explicit failure code handling for error of type 1
No explicit failure code handling for error of type 1
No explicit failure code handling for error of type 1
No explicit failure code handling for error of type 1
No explicit failure code handling for error of type 1
No explicit failure code handling for error of type 1
No explicit failure code handling for error of type 1
No explicit failure code handling for error of type 1
No explicit failure code handling for error of type 1
No explicit failure code handling for error of type 1
No explicit failure code handling for error of type 1
No explicit failure code handling for error of type 1
No explicit failure code handling for error of type 1
No explicit failure code handling for error of type 1
No explicit failure code handling for error of type 1
No explicit failure code handling for error of type 1
No explicit failure code handling for error of type 1
No explicit failure code handling for error of type 1
No explicit failure code handling for error of type 1
No explicit failure code handling for error of type 1
No explicit failure code handling for error of type 1
No explicit failure code handling for error of type 1
No explicit failure code handling for error of type 1
No explicit failure code handling for error of type 1
No explicit failure code handling for error of type 1
No explicit failure code handling for error of type 1
No explicit failure code handling for error of type 1
No explicit failure code handling for error of type 1
No explicit failure code handling for error of type 1
No explicit failure code handling for error of type 1
No explicit failure code handling for error of type 1
No explicit failure code handling for error of type 1
No explicit failure code handling for error of type 1
No explicit failure code handling for error of type 1
No explicit failure code handling for error of type 1
No explicit failure code handling for error of type 1
No explicit failure code handling for error of type 1
No explicit failure code handling for error of type 1
No explicit failure code handling for error of type 1
No explicit failure code handling for error of type 1
No explicit failure code handling for error of type 1
No explicit failure code handling for error of type 1
No explicit failure code handling for error of type 1
No explicit failure code handling for error of type 1
No explicit failure code handling for error of type 1
No explicit failure code handling for error of type 1
No explicit failure code handling for error of type 1
No explicit failure code handling for error of type 1
No explicit failure code handling for error of type 1
No explicit failure code handling for error of type 1
No explicit failure code handling for error of type 1
No explicit failure code handling for error of type 1
No explicit failure code handling for error of type 1
No explicit failure code handling for error of type 1
No explicit failure code handling for error of type 1
No explicit failure code handling for error of type 1
No explicit failure code handling for error of type 1
No explicit failure code handling for error of type 1
No explicit failure code handling for error of type 1
No explicit failure code handling for error of type 1
No explicit failure code handling for error of type 1
No explicit failure code handling for error of type 1
No explicit failure code handling for error of type 1
No explicit failure code handling for error of type 1
No explicit failure code handling for error of type 1
No explicit failure code handling for error of type 1
No explicit failure code handling for error of type 1
No explicit failure code handling for error of type 1
No explicit failure code handling for error of type 1
No explicit failure code handling for error of type 1
No explicit failure code handling for error of type 1
No explicit failure code handling for error of type 1
No explicit failure code handling for error of type 1
No explicit failure code handling for error of type 1
No explicit failure code handling for error of type 1
No explicit failure code handling for error of type 1
No explicit failure code handling for error of type 1
No explicit failure code handling for error of type 1
No explicit failure code handling for error of type 1
No explicit failure code handling for error of type 1
No explicit failure code handling for error of type 1
No explicit failure code handling for error of type 1
No explicit failure code handling for error of type 1
No explicit failure code handling for error of type 1
No explicit failure code handling for error of type 1
No explicit failure code handling for error of type 1
No explicit failure code handling for error of type 1
No explicit failure code handling for error of type 1
No explicit failure code handling for error of type 1
No explicit failure code handling for error of type 1
No explicit failure code handling for error of type 1
No explicit failure code handling for error of type 1
No explicit failure code handling for error of type 1
No explicit failure code handling for error of type 1
No explicit failure code handling for error of type 1
No explicit failure code handling for error of type 1
No explicit failure code handling for error of type 1
No explicit failure code handling for error of type 1
No explicit failure code handling for error of type 1
No explicit failure code handling for error of type 1
No explicit failure code handling for error of type 1
No explicit failure code handling for error of type 1
No explicit failure code handling for error of type 1
No explicit failure code handling for error of type 1
No explicit failure code handling for error of type 1
No explicit failure code handling for error of type 1
No explicit failure code handling for error of type 1
No explicit failure code handling for error of type 1
No explicit failure code handling for error of type 1
No explicit failure code handling for error of type 1
No explicit failure code handling for error of type 1
No explicit failure code handling for error of type 1
No explicit failure code handling for error of type 1
No explicit failure code handling for error of type 1
No explicit failure code handling for error of type 1
No explicit failure code handling for error of type 1
No explicit failure code handling for error of type 1
No explicit failure code handling for error of type 1
No explicit failure code handling for error of type 1
No explicit failure code handling for error of type 1
No explicit failure code handling for error of type 1
No explicit failure code handling for error of type 1
No explicit failure code handling for error of type 1
No explicit failure code handling for error of type 1
No explicit failure code handling for error of type 1
No explicit failure code handling for error of type 1
No explicit failure code handling for error of type 1
No explicit failure code handling for error of type 1
No explicit failure code handling for error of type 1
No explicit failure code handling for error of type 1
No explicit failure code handling for error of type 1
No explicit failure code handling for error of type 1
No explicit failure code handling for error of type 1
No explicit failure code handling for error of type 1
No explicit failure code handling for error of type 1
No explicit failure code handling for error of type 1
No explicit failure code handling for error of type 1
No explicit failure code handling for error of type 1
No explicit failure code handling for error of type 1
No explicit failure code handling for error of type 1
No explicit failure code handling for error of type 1
No explicit failure code handling for error of type 1
No explicit failure code handling for error of type 1
No explicit failure code handling for error of type 1
No explicit failure code handling for error of type 1
No explicit failure code handling for error of type 1
No explicit failure code handling for error of type 1
No explicit failure code handling for error of type 1
No explicit failure code handling for error of type 1
No explicit failure code handling for error of type 1
No explicit failure code handling for error of type 1
No explicit failure code handling for error of type 1
No explicit failure code handling for error of type 1
No explicit failure code handling for error of type 1
No explicit failure code handling for error of type 1
No explicit failure code handling for error of type 1
No explicit failure code handling for error of type 1
No explicit failure code handling for error of type 1
No explicit failure code handling for error of type 1
No explicit failure code handling for error of type 1
No explicit failure code handling for error of type 1
No explicit failure code handling for error of type 1
No explicit failure code handling for error of type 1
No explicit failure code handling for error of type 1
No explicit failure code handling for error of type 1
No explicit failure code handling for error of type 1
No explicit failure code handling for error of type 1
No explicit failure code handling for error of type 1
No explicit failure code handling for error of type 1
No explicit failure code handling for error of type 1
No explicit failure code handling for error of type 1
No explicit failure code handling for error of type 1
No explicit failure code handling for error of type 1
No explicit failure code handling for error of type 1
No explicit failure code handling for error of type 1
No explicit failure code handling for error of type 1
No explicit failure code handling for error of type 1
No explicit failure code handling for error of type 1
No explicit failure code handling for error of type 1
No explicit failure code handling for error of type 1
No explicit failure code handling for error of type 1
No explicit failure code handling for error of type 1
No explicit failure code handling for error of type 1
No explicit failure code handling for error of type 1
No explicit failure code handling for error of type 1
No explicit failure code handling for error of type 1
No explicit failure code handling for error of type 1
No explicit failure code handling for error of type 1
No explicit failure code handling for error of type 1
No explicit failure code handling for error of type 1
No explicit failure code handling for error of type 1
No explicit failure code handling for error of type 1
No explicit failure code handling for error of type 1
No explicit failure code handling for error of type 1
No explicit failure code handling for error of type 1
No explicit failure code handling for error of type 1
No explicit failure code handling for error of type 1
No explicit failure code handling for error of type 1
No explicit failure code handling for error of type 1
No explicit failure code handling for error of type 1
No explicit failure code handling for error of type 1
No explicit failure code handling for error of type 1
No explicit failure code handling for error of type 1
No explicit failure code handling for error of type 1
No explicit failure code handling for error of type 1
No explicit failure code handling for error of type 1
No explicit failure code handling for error of type 1
No explicit failure code handling for error of type 1
No explicit failure code handling for error of type 1
No explicit failure code handling for error of type 1
No explicit failure code handling for error of type 1
No explicit failure code handling for error of type 1
No explicit failure code handling for error of type 1
No explicit failure code handling for error of type 1
No explicit failure code handling for error of type 1
No explicit failure code handling for error of type 1
No explicit failure code handling for error of type 1
No explicit failure code handling for error of type 1
No explicit failure code handling for error of type 1
No explicit failure code handling for error of type 1
No explicit failure code handling for error of type 1
No explicit failure code handling for error of type 1
No explicit failure code handling for error of type 1
No explicit failure code handling for error of type 1
No explicit failure code handling for error of type 1
No explicit failure code handling for error of type 1
No explicit failure code handling for error of type 1
No explicit failure code handling for error of type 1
No explicit failure code handling for error of type 1
No explicit failure code handling for error of type 1
No explicit failure code handling for error of type 1
No explicit failure code handling for error of type 1
No explicit failure code handling for error of type 1
No explicit failure code handling for error of type 1
No explicit failure code handling for error of type 1
No explicit failure code handling for error of type 1
No explicit failure code handling for error of type 1
No explicit failure code handling for error of type 1
No explicit failure code handling for error of type 1
No explicit failure code handling for error of type 1
No explicit failure code handling for error of type 1
No explicit failure code handling for error of type 1
No explicit failure code handling for error of type 1
No explicit failure code handling for error of type 1
No explicit failure code handling for error of type 1
No explicit failure code handling for error of type 1
No explicit failure code handling for error of type 1
No explicit failure code handling for error of type 1
No explicit failure code handling for error of type 1
No explicit failure code handling for error of type 1
No explicit failure code handling for error of type 1
No explicit failure code handling for error of type 1
No explicit failure code handling for error of type 1
No explicit failure code handling for error of type 1
No explicit failure code handling for error of type 1
No explicit failure code handling for error of type 1
No explicit failure code handling for error of type 1
No explicit failure code handling for error of type 1
No explicit failure code handling for error of type 1
No explicit failure code handling for error of type 1
No explicit failure code handling for error of type 1
No explicit failure code handling for error of type 1
No explicit failure code handling for error of type 1
No explicit failure code handling for error of type 1
No explicit failure code handling for error of type 1
No explicit failure code handling for error of type 1
No explicit failure code handling for error of type 1
No explicit failure code handling for error of type 1
No explicit failure code handling for error of type 1
No explicit failure code handling for error of type 1
No explicit failure code handling for error of type 1
No explicit failure code handling for error of type 1
No explicit failure code handling for error of type 1
No explicit failure code handling for error of type 1
No explicit failure code handling for error of type 1
No explicit failure code handling for error of type 1
No explicit failure code handling for error of type 1
No explicit failure code handling for error of type 1
No explicit failure code handling for error of type 1
No explicit failure code handling for error of type 1
No explicit failure code handling for error of type 1
No explicit failure code handling for error of type 1
No explicit failure code handling for error of type 1
No explicit failure code handling for error of type 1
No explicit failure code handling for error of type 1
No explicit failure code handling for error of type 1
No explicit failure code handling for error of type 1
No explicit failure code handling for error of type 1
No explicit failure code handling for error of type 1
No explicit failure code handling for error of type 1
No explicit failure code handling for error of type 1
No explicit failure code handling for error of type 1
No explicit failure code handling for error of type 1
No explicit failure code handling for error of type 1
No explicit failure code handling for error of type 1
No explicit failure code handling for error of type 1
No explicit failure code handling for error of type 1
No explicit failure code handling for error of type 1
No explicit failure code handling for error of type 1
No explicit failure code handling for error of type 1
No explicit failure code handling for error of type 1
No explicit failure code handling for error of type 1
No explicit failure code handling for error of type 1
No explicit failure code handling for error of type 1
No explicit failure code handling for error of type 1
No explicit failure code handling for error of type 1
No explicit failure code handling for error of type 1
No explicit failure code handling for error of type 1
No explicit failure code handling for error of type 1
No explicit failure code handling for error of type 1
No explicit failure code handling for error of type 1
No explicit failure code handling for error of type 1
No explicit failure code handling for error of type 1
No explicit failure code handling for error of type 1
No explicit failure code handling for error of type 1
No explicit failure code handling for error of type 1
No explicit failure code handling for error of type 1
No explicit failure code handling for error of type 1
No explicit failure code handling for error of type 1
No explicit failure code handling for error of type 1
No explicit failure code handling for error of type 1
No explicit failure code handling for error of type 1
No explicit failure code handling for error of type 1
No explicit failure code handling for error of type 1
No explicit failure code handling for error of type 1
No explicit failure code handling for error of type 1
No explicit failure code handling for error of type 1
No explicit failure code handling for error of type 1
No explicit failure code handling for error of type 1
No explicit failure code handling for error of type 1
No explicit failure code handling for error of type 1
No explicit failure code handling for error of type 1
No explicit failure code handling for error of type 1
No explicit failure code handling for error of type 1
No explicit failure code handling for error of type 1
No explicit failure code handling for error of type 1
No explicit failure code handling for error of type 1
No explicit failure code handling for error of type 1
No explicit failure code handling for error of type 1
No explicit failure code handling for error of type 1
No explicit failure code handling for error of type 1
No explicit failure code handling for error of type 1
No explicit failure code handling for error of type 1
No explicit failure code handling for error of type 1
No explicit failure code handling for error of type 1
No explicit failure code handling for error of type 1
No explicit failure code handling for error of type 1
No explicit failure code handling for error of type 1
No explicit failure code handling for error of type 1
No explicit failure code handling for error of type 1
No explicit failure code handling for error of type 1
No explicit failure code handling for error of type 1
No explicit failure code handling for error of type 1
No explicit failure code handling for error of type 1
No explicit failure code handling for error of type 1
No explicit failure code handling for error of type 1
No explicit failure code handling for error of type 1
No explicit failure code handling for error of type 1
No explicit failure code handling for error of type 1
No explicit failure code handling for error of type 1
No explicit failure code handling for error of type 1
No explicit failure code handling for error of type 1
No explicit failure code handling for error of type 1
No explicit failure code handling for error of type 1
No explicit failure code handling for error of type 1
No explicit failure code handling for error of type 1
No explicit failure code handling for error of type 1
No explicit failure code handling for error of type 1
No explicit failure code handling for error of type 1
No explicit failure code handling for error of type 1
No explicit failure code handling for error of type 1
No explicit failure code handling for error of type 1
No explicit failure code handling for error of type 1
No explicit failure code handling for error of type 1
No explicit failure code handling for error of type 1
No explicit failure code handling for error of type 1
No explicit failure code handling for error of type 1
No explicit failure code handling for error of type 1
No explicit failure code handling for error of type 1
No explicit failure code handling for error of type 1
No explicit failure code handling for error of type 1
No explicit failure code handling for error of type 1
No explicit failure code handling for error of type 1
No explicit failure code handling for error of type 1
No explicit failure code handling for error of type 1
No explicit failure code handling for error of type 1
No explicit failure code handling for error of type 1
No explicit failure code handling for error of type 1
No explicit failure code handling for error of type 1
No explicit failure code handling for error of type 1
No explicit failure code handling for error of type 1
No explicit failure code handling for error of type 1
No explicit failure code handling for error of type 1
No explicit failure code handling for error of type 1
No explicit failure code handling for error of type 1
No explicit failure code handling for error of type 1
No explicit failure code handling for error of type 1
No explicit failure code handling for error of type 1
No explicit failure code handling for error of type 1
No explicit failure code handling for error of type 1
No explicit failure code handling for error of type 1
No explicit failure code handling for error of type 1
No explicit failure code handling for error of type 1
No explicit failure code handling for error of type 1
No explicit failure code handling for error of type 1
No explicit failure code handling for error of type 1
No explicit failure code handling for error of type 1
No explicit failure code handling for error of type 1
No explicit failure code handling for error of type 1
No explicit failure code handling for error of type 1
No explicit failure code handling for error of type 1
No explicit failure code handling for error of type 1
No explicit failure code handling for error of type 1
No explicit failure code handling for error of type 1
No explicit failure code handling for error of type 1
No explicit failure code handling for error of type 1
No explicit failure code handling for error of type 1
No explicit failure code handling for error of type 1
No explicit failure code handling for error of type 1
No explicit failure code handling for error of type 1
No explicit failure code handling for error of type 1
No explicit failure code handling for error of type 1
No explicit failure code handling for error of type 1
No explicit failure code handling for error of type 1
No explicit failure code handling for error of type 1
No explicit failure code handling for error of type 1
No explicit failure code handling for error of type 1
No explicit failure code handling for error of type 1
No explicit failure code handling for error of type 1
No explicit failure code handling for error of type 1
No explicit failure code handling for error of type 1
No explicit failure code handling for error of type 1
No explicit failure code handling for error of type 1
No explicit failure code handling for error of type 1
No explicit failure code handling for error of type 1
No explicit failure code handling for error of type 1
No explicit failure code handling for error of type 1
No explicit failure code handling for error of type 1
No explicit failure code handling for error of type 1
No explicit failure code handling for error of type 1
No explicit failure code handling for error of type 1
No explicit failure code handling for error of type 1
No explicit failure code handling for error of type 1
No explicit failure code handling for error of type 1
No explicit failure code handling for error of type 1
No explicit failure code handling for error of type 1
No explicit failure code handling for error of type 1
No explicit failure code handling for error of type 1
No explicit failure code handling for error of type 1
No explicit failure code handling for error of type 1
No explicit failure code handling for error of type 1
No explicit failure code handling for error of type 1
No explicit failure code handling for error of type 1
No explicit failure code handling for error of type 1
No explicit failure code handling for error of type 1
No explicit failure code handling for error of type 1
No explicit failure code handling for error of type 1
No explicit failure code handling for error of type 1
No explicit failure code handling for error of type 1
No explicit failure code handling for error of type 1
No explicit failure code handling for error of type 1
No explicit failure code handling for error of type 1
No explicit failure code handling for error of type 1
No explicit failure code handling for error of type 1
No explicit failure code handling for error of type 1
No explicit failure code handling for error of type 1
No explicit failure code handling for error of type 1
No explicit failure code handling for error of type 1
No explicit failure code handling for error of type 1
No explicit failure code handling for error of type 1
No explicit failure code handling for error of type 1
No explicit failure code handling for error of type 1
No explicit failure code handling for error of type 1
No explicit failure code handling for error of type 1
No explicit failure code handling for error of type 1
No explicit failure code handling for error of type 1
No explicit failure code handling for error of type 1
No explicit failure code handling for error of type 1
No explicit failure code handling for error of type 1
No explicit failure code handling for error of type 1
No explicit failure code handling for error of type 1
No explicit failure code handling for error of type 1
No explicit failure code handling for error of type 1
No explicit failure code handling for error of type 1
No explicit failure code handling for error of type 1
No explicit failure code handling for error of type 1
No explicit failure code handling for error of type 1
No explicit failure code handling for error of type 1
No explicit failure code handling for error of type 1
No explicit failure code handling for error of type 1
No explicit failure code handling for error of type 1
No explicit failure code handling for error of type 1
No explicit failure code handling for error of type 1
No explicit failure code handling for error of type 1
No explicit failure code handling for error of type 1
No explicit failure code handling for error of type 1
No explicit failure code handling for error of type 1
No explicit failure code handling for error of type 1
No explicit failure code handling for error of type 1
No explicit failure code handling for error of type 1
No explicit failure code handling for error of type 1
No explicit failure code handling for error of type 1
No explicit failure code handling for error of type 1
No explicit failure code handling for error of type 1
No explicit failure code handling for error of type 1
No explicit failure code handling for error of type 1
No explicit failure code handling for error of type 1
No explicit failure code handling for error of type 1
No explicit failure code handling for error of type 1
No explicit failure code handling for error of type 1
No explicit failure code handling for error of type 1
No explicit failure code handling for error of type 1
No explicit failure code handling for error of type 1
No explicit failure code handling for error of type 1
No explicit failure code handling for error of type 1
No explicit failure code handling for error of type 1
No explicit failure code handling for error of type 1
No explicit failure code handling for error of type 1
No explicit failure code handling for error of type 1
No explicit failure code handling for error of type 1
No explicit failure code handling for error of type 1
No explicit failure code handling for error of type 1
No explicit failure code handling for error of type 1
No explicit failure code handling for error of type 1
No explicit failure code handling for error of type 1
No explicit failure code handling for error of type 1
No explicit failure code handling for error of type 1
No explicit failure code handling for error of type 1
No explicit failure code handling for error of type 1
No explicit failure code handling for error of type 1
No explicit failure code handling for error of type 1
No explicit failure code handling for error of type 1
No explicit failure code handling for error of type 1
No explicit failure code handling for error of type 1
No explicit failure code handling for error of type 1
No explicit failure code handling for error of type 1
No explicit failure code handling for error of type 1
No explicit failure code handling for error of type 1
No explicit failure code handling for error of type 1
No explicit failure code handling for error of type 1
No explicit failure code handling for error of type 1
No explicit failure code handling for error of type 1
No explicit failure code handling for error of type 1
No explicit failure code handling for error of type 1
No explicit failure code handling for error of type 1
No explicit failure code handling for error of type 1
No explicit failure code handling for error of type 1
No explicit failure code handling for error of type 1
No explicit failure code handling for error of type 1
No explicit failure code handling for error of type 1
No explicit failure code handling for error of type 1
No explicit failure code handling for error of type 1
No explicit failure code handling for error of type 1
No explicit failure code handling for error of type 1
No explicit failure code handling for error of type 1
No explicit failure code handling for error of type 1
No explicit failure code handling for error of type 1
No explicit failure code handling for error of type 1
No explicit failure code handling for error of type 1
No explicit failure code handling for error of type 1
No explicit failure code handling for error of type 1
No explicit failure code handling for error of type 1
No explicit failure code handling for error of type 1
No explicit failure code handling for error of type 1
No explicit failure code handling for error of type 1
No explicit failure code handling for error of type 1
No explicit failure code handling for error of type 1
No explicit failure code handling for error of type 1
No explicit failure code handling for error of type 1
No explicit failure code handling for error of type 1
No explicit failure code handling for error of type 1
No explicit failure code handling for error of type 1
No explicit failure code handling for error of type 1
No explicit failure code handling for error of type 1
No explicit failure code handling for error of type 1
No explicit failure code handling for error of type 1
No explicit failure code handling for error of type 1
No explicit failure code handling for error of type 1
No explicit failure code handling for error of type 1
No explicit failure code handling for error of type 1
No explicit failure code handling for error of type 1
No explicit failure code handling for error of type 1
No explicit failure code handling for error of type 1
No explicit failure code handling for error of type 1
No explicit failure code handling for error of type 1
No explicit failure code handling for error of type 1
No explicit failure code handling for error of type 1
No explicit failure code handling for error of type 1
No explicit failure code handling for error of type 1
No explicit failure code handling for error of type 1
No explicit failure code handling for error of type 1
No explicit failure code handling for error of type 1
No explicit failure code handling for error of type 1
No explicit failure code handling for error of type 1
No explicit failure code handling for error of type 1
No explicit failure code handling for error of type 1
No explicit failure code handling for error of type 1
No explicit failure code handling for error of type 1
No explicit failure code handling for error of type 1
No explicit failure code handling for error of type 1
No explicit failure code handling for error of type 1
No explicit failure code handling for error of type 1
No explicit failure code handling for error of type 1
No explicit failure code handling for error of type 1
No explicit failure code handling for error of type 1
No explicit failure code handling for error of type 1
No explicit failure code handling for error of type 1
No explicit failure code handling for error of type 1
No explicit failure code handling for error of type 1
No explicit failure code handling for error of type 1
No explicit failure code handling for error of type 1
No explicit failure code handling for error of type 1
No explicit failure code handling for error of type 1
No explicit failure code handling for error of type 1
No explicit failure code handling for error of type 1
No explicit failure code handling for error of type 1
No explicit failure code handling for error of type 1
No explicit failure code handling for error of type 1
No explicit failure code handling for error of type 1
No explicit failure code handling for error of type 1
No explicit failure code handling for error of type 1
No explicit failure code handling for error of type 1
No explicit failure code handling for error of type 1
No explicit failure code handling for error of type 1
No explicit failure code handling for error of type 1
No explicit failure code handling for error of type 1
No explicit failure code handling for error of type 1
No explicit failure code handling for error of type 1
No explicit failure code handling for error of type 1
No explicit failure code handling for error of type 1
No explicit failure code handling for error of type 1
No explicit failure code handling for error of type 1
No explicit failure code handling for error of type 1
No explicit failure code handling for error of type 1
No explicit failure code handling for error of type 1
No explicit failure code handling for error of type 1
No explicit failure code handling for error of type 1
No explicit failure code handling for error of type 1
No explicit failure code handling for error of type 1
No explicit failure code handling for error of type 1
No explicit failure code handling for error of type 1
No explicit failure code handling for error of type 1
No explicit failure code handling for error of type 1
No explicit failure code handling for error of type 1
No explicit failure code handling for error of type 1
No explicit failure code handling for error of type 1
No explicit failure code handling for error of type 1
No explicit failure code handling for error of type 1
No explicit failure code handling for error of type 1
No explicit failure code handling for error of type 1
No explicit failure code handling for error of type 1
No explicit failure code handling for error of type 1
No explicit failure code handling for error of type 1
No explicit failure code handling for error of type 1
No explicit failure code handling for error of type 1
No explicit failure code handling for error of type 1
No explicit failure code handling for error of type 1
No explicit failure code handling for error of type 1
No explicit failure code handling for error of type 1
No explicit failure code handling for error of type 1
No explicit failure code handling for error of type 1
No explicit failure code handling for error of type 1
No explicit failure code handling for error of type 1
No explicit failure code handling for error of type 1
No explicit failure code handling for error of type 1
No explicit failure code handling for error of type 1
No explicit failure code handling for error of type 1
No explicit failure code handling for error of type 1
No explicit failure code handling for error of type 1
No explicit failure code handling for error of type 1
No explicit failure code handling for error of type 1
No explicit failure code handling for error of type 1
No explicit failure code handling for error of type 1
No explicit failure code handling for error of type 1
No explicit failure code handling for error of type 1
No explicit failure code handling for error of type 1
No explicit failure code handling for error of type 1
No explicit failure code handling for error of type 1
No explicit failure code handling for error of type 1
No explicit failure code handling for error of type 1
No explicit failure code handling for error of type 1
No explicit failure code handling for error of type 1
No explicit failure code handling for error of type 1
No explicit failure code handling for error of type 1
No explicit failure code handling for error of type 1
No explicit failure code handling for error of type 1
No explicit failure code handling for error of type 1
No explicit failure code handling for error of type 1
No explicit failure code handling for error of type 1
No explicit failure code handling for error of type 1
No explicit failure code handling for error of type 1
No explicit failure code handling for error of type 1
No explicit failure code handling for error of type 1
No explicit failure code handling for error of type 1
No explicit failure code handling for error of type 1
No explicit failure code handling for error of type 1
No explicit failure code handling for error of type 1
No explicit failure code handling for error of type 1
No explicit failure code handling for error of type 1
No explicit failure code handling for error of type 1
No explicit failure code handling for error of type 1
No explicit failure code handling for error of type 1
No explicit failure code handling for error of type 1
No explicit failure code handling for error of type 1
No explicit failure code handling for error of type 1
No explicit failure code handling for error of type 1
No explicit failure code handling for error of type 1
No explicit failure code handling for error of type 1
No explicit failure code handling for error of type 1
No explicit failure code handling for error of type 1
No explicit failure code handling for error of type 1
No explicit failure code handling for error of type 1
No explicit failure code handling for error of type 1
No explicit failure code handling for error of type 1
No explicit failure code handling for error of type 1
No explicit failure code handling for error of type 1
No explicit failure code handling for error of type 1
No explicit failure code handling for error of type 1
No explicit failure code handling for error of type 1
No explicit failure code handling for error of type 1
No explicit failure code handling for error of type 1
No explicit failure code handling for error of type 1
No explicit failure code handling for error of type 1
No explicit failure code handling for error of type 1
No explicit failure code handling for error of type 1
No explicit failure code handling for error of type 1
No explicit failure code handling for error of type 1
No explicit failure code handling for error of type 1
No explicit failure code handling for error of type 1
No explicit failure code handling for error of type 1
No explicit failure code handling for error of type 1
No explicit failure code handling for error of type 1
No explicit failure code handling for error of type 1
No explicit failure code handling for error of type 1
No explicit failure code handling for error of type 1
No explicit failure code handling for error of type 1
No explicit failure code handling for error of type 1
No explicit failure code handling for error of type 1
No explicit failure code handling for error of type 1
No explicit failure code handling for error of type 1
No explicit failure code handling for error of type 1
No explicit failure code handling for error of type 1
No explicit failure code handling for error of type 1
No explicit failure code handling for error of type 1
No explicit failure code handling for error of type 1
No explicit failure code handling for error of type 1
No explicit failure code handling for error of type 1
No explicit failure code handling for error of type 1
No explicit failure code handling for error of type 1
No explicit failure code handling for error of type 1
No explicit failure code handling for error of type 1
No explicit failure code handling for error of type 1
No explicit failure code handling for error of type 1
No explicit failure code handling for error of type 1
No explicit failure code handling for error of type 1
No explicit failure code handling for error of type 1
No explicit failure code handling for error of type 1
No explicit failure code handling for error of type 1
No explicit failure code handling for error of type 1
No explicit failure code handling for error of type 1
No explicit failure code handling for error of type 1
No explicit failure code handling for error of type 1
No explicit failure code handling for error of type 1
No explicit failure code handling for error of type 1
No explicit failure code handling for error of type 1
No explicit failure code handling for error of type 1
No explicit failure code handling for error of type 1
No explicit failure code handling for error of type 1
No explicit failure code handling for error of type 1
No explicit failure code handling for error of type 1
No explicit failure code handling for error of type 1
No explicit failure code handling for error of type 1
No explicit failure code handling for error of type 1
No explicit failure code handling for error of type 1
No explicit failure code handling for error of type 1
No explicit failure code handling for error of type 1
No explicit failure code handling for error of type 1
No explicit failure code handling for error of type 1
No explicit failure code handling for error of type 1
No explicit failure code handling for error of type 1
No explicit failure code handling for error of type 1
No explicit failure code handling for error of type 1
No explicit failure code handling for error of type 1
No explicit failure code handling for error of type 1
No explicit failure code handling for error of type 1
No explicit failure code handling for error of type 1
No explicit failure code handling for error of type 1
No explicit failure code handling for error of type 1
No explicit failure code handling for error of type 1
No explicit failure code handling for error of type 1
No explicit failure code handling for error of type 1
No explicit failure code handling for error of type 1
No explicit failure code handling for error of type 1
No explicit failure code handling for error of type 1
No explicit failure code handling for error of type 1
No explicit failure code handling for error of type 1
No explicit failure code handling for error of type 1
No explicit failure code handling for error of type 1
No explicit failure code handling for error of type 1
No explicit failure code handling for error of type 1
No explicit failure code handling for error of type 1
No explicit failure code handling for error of type 1
No explicit failure code handling for error of type 1
No explicit failure code handling for error of type 1
No explicit failure code handling for error of type 1
No explicit failure code handling for error of type 1
No explicit failure code handling for error of type 1
No explicit failure code handling for error of type 1
No explicit failure code handling for error of type 1
No explicit failure code handling for error of type 1
No explicit failure code handling for error of type 1
No explicit failure code handling for error of type 1
No explicit failure code handling for error of type 1
No explicit failure code handling for error of type 1
No explicit failure code handling for error of type 1
No explicit failure code handling for error of type 1
No explicit failure code handling for error of type 1
No explicit failure code handling for error of type 1
No explicit failure code handling for error of type 1
No explicit failure code handling for error of type 1
No explicit failure code handling for error of type 1
No explicit failure code handling for error of type 1
No explicit failure code handling for error of type 1
No explicit failure code handling for error of type 1
No explicit failure code handling for error of type 1
No explicit failure code handling for error of type 1
No explicit failure code handling for error of type 1
No explicit failure code handling for error of type 1
No explicit failure code handling for error of type 1
No explicit failure code handling for error of type 1
No explicit failure code handling for error of type 1
No explicit failure code handling for error of type 1
No explicit failure code handling for error of type 1
No explicit failure code handling for error of type 1
No explicit failure code handling for error of type 1
No explicit failure code handling for error of type 1
No explicit failure code handling for error of type 1
No explicit failure code handling for error of type 1
No explicit failure code handling for error of type 1
No explicit failure code handling for error of type 1
No explicit failure code handling for error of type 1
No explicit failure code handling for error of type 1
No explicit failure code handling for error of type 1
No explicit failure code handling for error of type 1
No explicit failure code handling for error of type 1
No explicit failure code handling for error of type 1
No explicit failure code handling for error of type 1
No explicit failure code handling for error of type 1
No explicit failure code handling for error of type 1
No explicit failure code handling for error of type 1
No explicit failure code handling for error of type 1
No explicit failure code handling for error of type 1
No explicit failure code handling for error of type 1
No explicit failure code handling for error of type 1
No explicit failure code handling for error of type 1
No explicit failure code handling for error of type 1
No explicit failure code handling for error of type 1
No explicit failure code handling for error of type 1
No explicit failure code handling for error of type 1
No explicit failure code handling for error of type 1
No explicit failure code handling for error of type 1
No explicit failure code handling for error of type 1
No explicit failure code handling for error of type 1
No explicit failure code handling for error of type 1
No explicit failure code handling for error of type 1
No explicit failure code handling for error of type 1
No explicit failure code handling for error of type 1
No explicit failure code handling for error of type 1
No explicit failure code handling for error of type 1
No explicit failure code handling for error of type 1
No explicit failure code handling for error of type 1
No explicit failure code handling for error of type 1
No explicit failure code handling for error of type 1
No explicit failure code handling for error of type 1
No explicit failure code handling for error of type 1
No explicit failure code handling for error of type 1
No explicit failure code handling for error of type 1
No explicit failure code handling for error of type 1
No explicit failure code handling for error of type 1
No explicit failure code handling for error of type 1
No explicit failure code handling for error of type 1
No explicit failure code handling for error of type 1
No explicit failure code handling for error of type 1
No explicit failure code handling for error of type 1
No explicit failure code handling for error of type 1
No explicit failure code handling for error of type 1
No explicit failure code handling for error of type 1
No explicit failure code handling for error of type 1
No explicit failure code handling for error of type 1
No explicit failure code handling for error of type 1
No explicit failure code handling for error of type 1
No explicit failure code handling for error of type 1
No explicit failure code handling for error of type 1
No explicit failure code handling for error of type 1
No explicit failure code handling for error of type 1
No explicit failure code handling for error of type 1
No explicit failure code handling for error of type 1
No explicit failure code handling for error of type 1
No explicit failure code handling for error of type 1
No explicit failure code handling for error of type 1
No explicit failure code handling for error of type 1
No explicit failure code handling for error of type 1
No explicit failure code handling for error of type 1
No explicit failure code handling for error of type 1
No explicit failure code handling for error of type 1
No explicit failure code handling for error of type 1
No explicit failure code handling for error of type 1
No explicit failure code handling for error of type 1
No explicit failure code handling for error of type 1
No explicit failure code handling for error of type 1
No explicit failure code handling for error of type 1
No explicit failure code handling for error of type 1
No explicit failure code handling for error of type 1
No explicit failure code handling for error of type 1
No explicit failure code handling for error of type 1
No explicit failure code handling for error of type 1
No explicit failure code handling for error of type 1
No explicit failure code handling for error of type 1
No explicit failure code handling for error of type 1
No explicit failure code handling for error of type 1
No explicit failure code handling for error of type 1
No explicit failure code handling for error of type 1
No explicit failure code handling for error of type 1
No explicit failure code handling for error of type 1
No explicit failure code handling for error of type 1
No explicit failure code handling for error of type 1
No explicit failure code handling for error of type 1
No explicit failure code handling for error of type 1
No explicit failure code handling for error of type 1
No explicit failure code handling for error of type 1
No explicit failure code handling for error of type 1
No explicit failure code handling for error of type 1
No explicit failure code handling for error of type 1
No explicit failure code handling for error of type 1
No explicit failure code handling for error of type 1
No explicit failure code handling for error of type 1
No explicit failure code handling for error of type 1
No explicit failure code handling for error of type 1
No explicit failure code handling for error of type 1
No explicit failure code handling for error of type 1
No explicit failure code handling for error of type 1
No explicit failure code handling for error of type 1
No explicit failure code handling for error of type 1
No explicit failure code handling for error of type 1
No explicit failure code handling for error of type 1
No explicit failure code handling for error of type 1
No explicit failure code handling for error of type 1
No explicit failure code handling for error of type 1
No explicit failure code handling for error of type 1
No explicit failure code handling for error of type 1
No explicit failure code handling for error of type 1
No explicit failure code handling for error of type 1
No explicit failure code handling for error of type 1
No explicit failure code handling for error of type 1
No explicit failure code handling for error of type 1
No explicit failure code handling for error of type 1
No explicit failure code handling for error of type 1
No explicit failure code handling for error of type 1
No explicit failure code handling for error of type 1
No explicit failure code handling for error of type 1
No explicit failure code handling for error of type 1
No explicit failure code handling for error of type 1
No explicit failure code handling for error of type 1
No explicit failure code handling for error of type 1
No explicit failure code handling for error of type 1
No explicit failure code handling for error of type 1
No explicit failure code handling for error of type 1
No explicit failure code handling for error of type 1
No explicit failure code handling for error of type 1
No explicit failure code handling for error of type 1
No explicit failure code handling for error of type 1
No explicit failure code handling for error of type 1
No explicit failure code handling for error of type 1
No explicit failure code handling for error of type 1
No explicit failure code handling for error of type 1
No explicit failure code handling for error of type 1
No explicit failure code handling for error of type 1
No explicit failure code handling for error of type 1
No explicit failure code handling for error of type 1
No explicit failure code handling for error of type 1
No explicit failure code handling for error of type 1
No explicit failure code handling for error of type 1
No explicit failure code handling for error of type 1
No explicit failure code handling for error of type 1
No explicit failure code handling for error of type 1
No explicit failure code handling for error of type 1
No explicit failure code handling for error of type 1
No explicit failure code handling for error of type 1
No explicit failure code handling for error of type 1
No explicit failure code handling for error of type 1
No explicit failure code handling for error of type 1
No explicit failure code handling for error of type 1
No explicit failure code handling for error of type 1
No explicit failure code handling for error of type 1
No explicit failure code handling for error of type 1
No explicit failure code handling for error of type 1
No explicit failure code handling for error of type 1
No explicit failure code handling for error of type 1
No explicit failure code handling for error of type 1
No explicit failure code handling for error of type 1
No explicit failure code handling for error of type 1
No explicit failure code handling for error of type 1
No explicit failure code handling for error of type 1
No explicit failure code handling for error of type 1
No explicit failure code handling for error of type 1
No explicit failure code handling for error of type 1
No explicit failure code handling for error of type 1
No explicit failure code handling for error of type 1
No explicit failure code handling for error of type 1
No explicit failure code handling for error of type 1
No explicit failure code handling for error of type 1
No explicit failure code handling for error of type 1
No explicit failure code handling for error of type 1
No explicit failure code handling for error of type 1
No explicit failure code handling for error of type 1
No explicit failure code handling for error of type 1
No explicit failure code handling for error of type 1
No explicit failure code handling for error of type 1
No explicit failure code handling for error of type 1
No explicit failure code handling for error of type 1
No explicit failure code handling for error of type 1
No explicit failure code handling for error of type 1
No explicit failure code handling for error of type 1
No explicit failure code handling for error of type 1
No explicit failure code handling for error of type 1
No explicit failure code handling for error of type 1
No explicit failure code handling for error of type 1
No explicit failure code handling for error of type 1
No explicit failure code handling for error of type 1
No explicit failure code handling for error of type 1
No explicit failure code handling for error of type 1
No explicit failure code handling for error of type 1
No explicit failure code handling for error of type 1
No explicit failure code handling for error of type 1
No explicit failure code handling for error of type 1
No explicit failure code handling for error of type 1
No explicit failure code handling for error of type 1
No explicit failure code handling for error of type 1
No explicit failure code handling for error of type 1
No explicit failure code handling for error of type 1
No explicit failure code handling for error of type 1
No explicit failure code handling for error of type 1
No explicit failure code handling for error of type 1
No explicit failure code handling for error of type 1
No explicit failure code handling for error of type 1
No explicit failure code handling for error of type 1
No explicit failure code handling for error of type 1
No explicit failure code handling for error of type 1
No explicit failure code handling for error of type 1
No explicit failure code handling for error of type 1
No explicit failure code handling for error of type 1
No explicit failure code handling for error of type 1
No explicit failure code handling for error of type 1
No explicit failure code handling for error of type 1
No explicit failure code handling for error of type 1
No explicit failure code handling for error of type 1
No explicit failure code handling for error of type 1
No explicit failure code handling for error of type 1
No explicit failure code handling for error of type 1
No explicit failure code handling for error of type 1
No explicit failure code handling for error of type 1
No explicit failure code handling for error of type 1
No explicit failure code handling for error of type 1
No explicit failure code handling for error of type 1
No explicit failure code handling for error of type 1
No explicit failure code handling for error of type 1
No explicit failure code handling for error of type 1
No explicit failure code handling for error of type 1
No explicit failure code handling for error of type 1
No explicit failure code handling for error of type 1
No explicit failure code handling for error of type 1
No explicit failure code handling for error of type 1
No explicit failure code handling for error of type 1
No explicit failure code handling for error of type 1
No explicit failure code handling for error of type 1
No explicit failure code handling for error of type 1
No explicit failure code handling for error of type 1
No explicit failure code handling for error of type 1
No explicit failure code handling for error of type 1
No explicit failure code handling for error of type 1
No explicit failure code handling for error of type 1
No explicit failure code handling for error of type 1
No explicit failure code handling for error of type 1
No explicit failure code handling for error of type 1
No explicit failure code handling for error of type 1
No explicit failure code handling for error of type 1
No explicit failure code handling for error of type 1
No explicit failure code handling for error of type 1
No explicit failure code handling for error of type 1
No explicit failure code handling for error of type 1
No explicit failure code handling for error of type 1
No explicit failure code handling for error of type 1
No explicit failure code handling for error of type 1
No explicit failure code handling for error of type 1
No explicit failure code handling for error of type 1
No explicit failure code handling for error of type 1
No explicit failure code handling for error of type 1
No explicit failure code handling for error of type 1
No explicit failure code handling for error of type 1
No explicit failure code handling for error of type 1
No explicit failure code handling for error of type 1
No explicit failure code handling for error of type 1
No explicit failure code handling for error of type 1
No explicit failure code handling for error of type 1
No explicit failure code handling for error of type 1
No explicit failure code handling for error of type 1
No explicit failure code handling for error of type 1
No explicit failure code handling for error of type 1
No explicit failure code handling for error of type 1
No explicit failure code handling for error of type 1
No explicit failure code handling for error of type 1
No explicit failure code handling for error of type 1
No explicit failure code handling for error of type 1
No explicit failure code handling for error of type 1
No explicit failure code handling for error of type 1
No explicit failure code handling for error of type 1
No explicit failure code handling for error of type 1
No explicit failure code handling for error of type 1
No explicit failure code handling for error of type 1
No explicit failure code handling for error of type 1
No explicit failure code handling for error of type 1
No explicit failure code handling for error of type 1
No explicit failure code handling for error of type 1
No explicit failure code handling for error of type 1
No explicit failure code handling for error of type 1
No explicit failure code handling for error of type 1
No explicit failure code handling for error of type 1
No explicit failure code handling for error of type 1
No explicit failure code handling for error of type 1
No explicit failure code handling for error of type 1
No explicit failure code handling for error of type 1
No explicit failure code handling for error of type 1
No explicit failure code handling for error of type 1
No explicit failure code handling for error of type 1
No explicit failure code handling for error of type 1
No explicit failure code handling for error of type 1
No explicit failure code handling for error of type 1
No explicit failure code handling for error of type 1
No explicit failure code handling for error of type 1
No explicit failure code handling for error of type 1
No explicit failure code handling for error of type 1
No explicit failure code handling for error of type 1
No explicit failure code handling for error of type 1
No explicit failure code handling for error of type 1
No explicit failure code handling for error of type 1
No explicit failure code handling for error of type 1
No explicit failure code handling for error of type 1
No explicit failure code handling for error of type 1
No explicit failure code handling for error of type 1
No explicit failure code handling for error of type 1
No explicit failure code handling for error of type 1
No explicit failure code handling for error of type 1
No explicit failure code handling for error of type 1
No explicit failure code handling for error of type 1
No explicit failure code handling for error of type 1
No explicit failure code handling for error of type 1
No explicit failure code handling for error of type 1
No explicit failure code handling for error of type 1
No explicit failure code handling for error of type 1
No explicit failure code handling for error of type 1
No explicit failure code handling for error of type 1
No explicit failure code handling for error of type 1
No explicit failure code handling for error of type 1
No explicit failure code handling for error of type 1
No explicit failure code handling for error of type 1
No explicit failure code handling for error of type 1
No explicit failure code handling for error of type 1
No explicit failure code handling for error of type 1
No explicit failure code handling for error of type 1
No explicit failure code handling for error of type 1
No explicit failure code handling for error of type 1
No explicit failure code handling for error of type 1
No explicit failure code handling for error of type 1
No explicit failure code handling for error of type 1
No explicit failure code handling for error of type 1
No explicit failure code handling for error of type 1
No explicit failure code handling for error of type 1
No explicit failure code handling for error of type 1
No explicit failure code handling for error of type 1
No explicit failure code handling for error of type 1
No explicit failure code handling for error of type 1
No explicit failure code handling for error of type 1
No explicit failure code handling for error of type 1
No explicit failure code handling for error of type 1
No explicit failure code handling for error of type 1
No explicit failure code handling for error of type 1
No explicit failure code handling for error of type 1
No explicit failure code handling for error of type 1
No explicit failure code handling for error of type 1
No explicit failure code handling for error of type 1
No explicit failure code handling for error of type 1
No explicit failure code handling for error of type 1
No explicit failure code handling for error of type 1
No explicit failure code handling for error of type 1
No explicit failure code handling for error of type 1
No explicit failure code handling for error of type 1
No explicit failure code handling for error of type 1
No explicit failure code handling for error of type 1
No explicit failure code handling for error of type 1
No explicit failure code handling for error of type 1
No explicit failure code handling for error of type 1
No explicit failure code handling for error of type 1
No explicit failure code handling for error of type 1
No explicit failure code handling for error of type 1
No explicit failure code handling for error of type 1
No explicit failure code handling for error of type 1
No explicit failure code handling for error of type 1
No explicit failure code handling for error of type 1
No explicit failure code handling for error of type 1
No explicit failure code handling for error of type 1
No explicit failure code handling for error of type 1
No explicit failure code handling for error of type 1
No explicit failure code handling for error of type 1
No explicit failure code handling for error of type 1
No explicit failure code handling for error of type 1
No explicit failure code handling for error of type 1
No explicit failure code handling for error of type 1
No explicit failure code handling for error of type 1
No explicit failure code handling for error of type 1
No explicit failure code handling for error of type 1
No explicit failure code handling for error of type 1
No explicit failure code handling for error of type 1
No explicit failure code handling for error of type 1
No explicit failure code handling for error of type 1
No explicit failure code handling for error of type 1
No explicit failure code handling for error of type 1
No explicit failure code handling for error of type 1
No explicit failure code handling for error of type 1
No explicit failure code handling for error of type 1
No explicit failure code handling for error of type 1
No explicit failure code handling for error of type 1
No explicit failure code handling for error of type 1
No explicit failure code handling for error of type 1
No explicit failure code handling for error of type 1
No explicit failure code handling for error of type 1
No explicit failure code handling for error of type 1
No explicit failure code handling for error of type 1
No explicit failure code handling for error of type 1
No explicit failure code handling for error of type 1
No explicit failure code handling for error of type 1
No explicit failure code handling for error of type 1
No explicit failure code handling for error of type 1
No explicit failure code handling for error of type 1
No explicit failure code handling for error of type 1
No explicit failure code handling for error of type 1
No explicit failure code handling for error of type 1
No explicit failure code handling for error of type 1
No explicit failure code handling for error of type 1
No explicit failure code handling for error of type 1
No explicit failure code handling for error of type 1
No explicit failure code handling for error of type 1
No explicit failure code handling for error of type 1
No explicit failure code handling for error of type 1
No explicit failure code handling for error of type 1
No explicit failure code handling for error of type 1
No explicit failure code handling for error of type 1
No explicit failure code handling for error of type 1
No explicit failure code handling for error of type 1
No explicit failure code handling for error of type 1
No explicit failure code handling for error of type 1
No explicit failure code handling for error of type 1
No explicit failure code handling for error of type 1
No explicit failure code handling for error of type 1
No explicit failure code handling for error of type 1
No explicit failure code handling for error of type 1
No explicit failure code handling for error of type 1
No explicit failure code handling for error of type 1
No explicit failure code handling for error of type 1
No explicit failure code handling for error of type 1
No explicit failure code handling for error of type 1
No explicit failure code handling for error of type 1
No explicit failure code handling for error of type 1
No explicit failure code handling for error of type 1
No explicit failure code handling for error of type 1
No explicit failure code handling for error of type 1
No explicit failure code handling for error of type 1
No explicit failure code handling for error of type 1
No explicit failure code handling for error of type 1
No explicit failure code handling for error of type 1
No explicit failure code handling for error of type 1
No explicit failure code handling for error of type 1
No explicit failure code handling for error of type 1
No explicit failure code handling for error of type 1
No explicit failure code handling for error of type 1
No explicit failure code handling for error of type 1
No explicit failure code handling for error of type 1
No explicit failure code handling for error of type 1
No explicit failure code handling for error of type 1
No explicit failure code handling for error of type 1
No explicit failure code handling for error of type 1
No explicit failure code handling for error of type 1
No explicit failure code handling for error of type 1
No explicit failure code handling for error of type 1
No explicit failure code handling for error of type 1
No explicit failure code handling for error of type 1
No explicit failure code handling for error of type 1
No explicit failure code handling for error of type 1
No explicit failure code handling for error of type 1
No explicit failure code handling for error of type 1
No explicit failure code handling for error of type 1
No explicit failure code handling for error of type 1
No explicit failure code handling for error of type 1
No explicit failure code handling for error of type 1
No explicit failure code handling for error of type 1
No explicit failure code handling for error of type 1
No explicit failure code handling for error of type 1
No explicit failure code handling for error of type 1
No explicit failure code handling for error of type 1
No explicit failure code handling for error of type 1
No explicit failure code handling for error of type 1
No explicit failure code handling for error of type 1
No explicit failure code handling for error of type 1
No explicit failure code handling for error of type 1
No explicit failure code handling for error of type 1
No explicit failure code handling for error of type 1
No explicit failure code handling for error of type 1
No explicit failure code handling for error of type 1
No explicit failure code handling for error of type 1
No explicit failure code handling for error of type 1
No explicit failure code handling for error of type 1
No explicit failure code handling for error of type 1
No explicit failure code handling for error of type 1
No explicit failure code handling for error of type 1
No explicit failure code handling for error of type 1
No explicit failure code handling for error of type 1
No explicit failure code handling for error of type 1
No explicit failure code handling for error of type 1
No explicit failure code handling for error of type 1
No explicit failure code handling for error of type 1
No explicit failure code handling for error of type 1
No explicit failure code handling for error of type 1
No explicit failure code handling for error of type 1
No explicit failure code handling for error of type 1
No explicit failure code handling for error of type 1
No explicit failure code handling for error of type 1
No explicit failure code handling for error of type 1
No explicit failure code handling for error of type 1
No explicit failure code handling for error of type 1
No explicit failure code handling for error of type 1
No explicit failure code handling for error of type 1
No explicit failure code handling for error of type 1
No explicit failure code handling for error of type 1
No explicit failure code handling for error of type 1
No explicit failure code handling for error of type 1
No explicit failure code handling for error of type 1
No explicit failure code handling for error of type 1
No explicit failure code handling for error of type 1
No explicit failure code handling for error of type 1
No explicit failure code handling for error of type 1
No explicit failure code handling for error of type 1
No explicit failure code handling for error of type 1
No explicit failure code handling for error of type 1
No explicit failure code handling for error of type 1
No explicit failure code handling for error of type 1
No explicit failure code handling for error of type 1
No explicit failure code handling for error of type 1
No explicit failure code handling for error of type 1
No explicit failure code handling for error of type 1
No explicit failure code handling for error of type 1
No explicit failure code handling for error of type 1
No explicit failure code handling for error of type 1
No explicit failure code handling for error of type 1
No explicit failure code handling for error of type 1
No explicit failure code handling for error of type 1
No explicit failure code handling for error of type 1
No explicit failure code handling for error of type 1
No explicit failure code handling for error of type 1
No explicit failure code handling for error of type 1
No explicit failure code handling for error of type 1
No explicit failure code handling for error of type 1
No explicit failure code handling for error of type 1
No explicit failure code handling for error of type 1
No explicit failure code handling for error of type 1
No explicit failure code handling for error of type 1
No explicit failure code handling for error of type 1
No explicit failure code handling for error of type 1
No explicit failure code handling for error of type 1
No explicit failure code handling for error of type 1
No explicit failure code handling for error of type 1
No explicit failure code handling for error of type 1
No explicit failure code handling for error of type 1
No explicit failure code handling for error of type 1
No explicit failure code handling for error of type 1
No explicit failure code handling for error of type 1
No explicit failure code handling for error of type 1
No explicit failure code handling for error of type 1
No explicit failure code handling for error of type 1
No explicit failure code handling for error of type 1
No explicit failure code handling for error of type 1
No explicit failure code handling for error of type 1
No explicit failure code handling for error of type 1
No explicit failure code handling for error of type 1
No explicit failure code handling for error of type 1
No explicit failure code handling for error of type 1
No explicit failure code handling for error of type 1
No explicit failure code handling for error of type 1
No explicit failure code handling for error of type 1
No explicit failure code handling for error of type 1
No explicit failure code handling for error of type 1
No explicit failure code handling for error of type 1
No explicit failure code handling for error of type 1
No explicit failure code handling for error of type 1
No explicit failure code handling for error of type 1
No explicit failure code handling for error of type 1
No explicit failure code handling for error of type 1
No explicit failure code handling for error of type 1
No explicit failure code handling for error of type 1
No explicit failure code handling for error of type 1
No explicit failure code handling for error of type 1
No explicit failure code handling for error of type 1
No explicit failure code handling for error of type 1
No explicit failure code handling for error of type 1
No explicit failure code handling for error of type 1
No explicit failure code handling for error of type 1
No explicit failure code handling for error of type 1
No explicit failure code handling for error of type 1
No explicit failure code handling for error of type 1
No explicit failure code handling for error of type 1
No explicit failure code handling for error of type 1
No explicit failure code handling for error of type 1
No explicit failure code handling for error of type 1
No explicit failure code handling for error of type 1
No explicit failure code handling for error of type 1
No explicit failure code handling for error of type 1
No explicit failure code handling for error of type 1
No explicit failure code handling for error of type 1
No explicit failure code handling for error of type 1
No explicit failure code handling for error of type 1
No explicit failure code handling for error of type 1
No explicit failure code handling for error of type 1
No explicit failure code handling for error of type 1
No explicit failure code handling for error of type 1
No explicit failure code handling for error of type 1
No explicit failure code handling for error of type 1
No explicit failure code handling for error of type 1
No explicit failure code handling for error of type 1
No explicit failure code handling for error of type 1
No explicit failure code handling for error of type 1
No explicit failure code handling for error of type 1
No explicit failure code handling for error of type 1
No explicit failure code handling for error of type 1
No explicit failure code handling for error of type 1
No explicit failure code handling for error of type 1
No explicit failure code handling for error of type 1
No explicit failure code handling for error of type 1
No explicit failure code handling for error of type 1
No explicit failure code handling for error of type 1
No explicit failure code handling for error of type 1
No explicit failure code handling for error of type 1
No explicit failure code handling for error of type 1
No explicit failure code handling for error of type 1
No explicit failure code handling for error of type 1
No explicit failure code handling for error of type 1
No explicit failure code handling for error of type 1
No explicit failure code handling for error of type 1
No explicit failure code handling for error of type 1
No explicit failure code handling for error of type 1
No explicit failure code handling for error of type 1
No explicit failure code handling for error of type 1
No explicit failure code handling for error of type 1
No explicit failure code handling for error of type 1
No explicit failure code handling for error of type 1
No explicit failure code handling for error of type 1
No explicit failure code handling for error of type 1
No explicit failure code handling for error of type 1
No explicit failure code handling for error of type 1
No explicit failure code handling for error of type 1
No explicit failure code handling for error of type 1
No explicit failure code handling for error of type 1
No explicit failure code handling for error of type 1
No explicit failure code handling for error of type 1
No explicit failure code handling for error of type 1
No explicit failure code handling for error of type 1
No explicit failure code handling for error of type 1
No explicit failure code handling for error of type 1
No explicit failure code handling for error of type 1
No explicit failure code handling for error of type 1
No explicit failure code handling for error of type 1
No explicit failure code handling for error of type 1
No explicit failure code handling for error of type 1
No explicit failure code handling for error of type 1
No explicit failure code handling for error of type 1
No explicit failure code handling for error of type 1
No explicit failure code handling for error of type 1
No explicit failure code handling for error of type 1
No explicit failure code handling for error of type 1
No explicit failure code handling for error of type 1
No explicit failure code handling for error of type 1
No explicit failure code handling for error of type 1
No explicit failure code handling for error of type 1
No explicit failure code handling for error of type 1
No explicit failure code handling for error of type 1
No explicit failure code handling for error of type 1
No explicit failure code handling for error of type 1
No explicit failure code handling for error of type 1
No explicit failure code handling for error of type 1
No explicit failure code handling for error of type 1
No explicit failure code handling for error of type 1
No explicit failure code handling for error of type 1
No explicit failure code handling for error of type 1
No explicit failure code handling for error of type 1
No explicit failure code handling for error of type 1
No explicit failure code handling for error of type 1
No explicit failure code handling for error of type 1
No explicit failure code handling for error of type 1
No explicit failure code handling for error of type 1
No explicit failure code handling for error of type 1
No explicit failure code handling for error of type 1
No explicit failure code handling for error of type 1
No explicit failure code handling for error of type 1
No explicit failure code handling for error of type 1
No explicit failure code handling for error of type 1
No explicit failure code handling for error of type 1
No explicit failure code handling for error of type 1
No explicit failure code handling for error of type 1
No explicit failure code handling for error of type 1
No explicit failure code handling for error of type 1
No explicit failure code handling for error of type 1
No explicit failure code handling for error of type 1
No explicit failure code handling for error of type 1
No explicit failure code handling for error of type 1
No explicit failure code handling for error of type 1
No explicit failure code handling for error of type 1
No explicit failure code handling for error of type 1
No explicit failure code handling for error of type 1
No explicit failure code handling for error of type 1
No explicit failure code handling for error of type 1
No explicit failure code handling for error of type 1
No explicit failure code handling for error of type 1
No explicit failure code handling for error of type 1
No explicit failure code handling for error of type 1
No explicit failure code handling for error of type 1
No explicit failure code handling for error of type 1
No explicit failure code handling for error of type 1
No explicit failure code handling for error of type 1
No explicit failure code handling for error of type 1
No explicit failure code handling for error of type 1
No explicit failure code handling for error of type 1
No explicit failure code handling for error of type 1
No explicit failure code handling for error of type 1
No explicit failure code handling for error of type 1
No explicit failure code handling for error of type 1
No explicit failure code handling for error of type 1
No explicit failure code handling for error of type 1
No explicit failure code handling for error of type 1
No explicit failure code handling for error of type 1
No explicit failure code handling for error of type 1
No explicit failure code handling for error of type 1
No explicit failure code handling for error of type 1
No explicit failure code handling for error of type 1
No explicit failure code handling for error of type 1
No explicit failure code handling for error of type 1
No explicit failure code handling for error of type 1
No explicit failure code handling for error of type 1
No explicit failure code handling for error of type 1
No explicit failure code handling for error of type 1
No explicit failure code handling for error of type 1
No explicit failure code handling for error of type 1
No explicit failure code handling for error of type 1
No explicit failure code handling for error of type 1
No explicit failure code handling for error of type 1
No explicit failure code handling for error of type 1
No explicit failure code handling for error of type 1
No explicit failure code handling for error of type 1
No explicit failure code handling for error of type 1
No explicit failure code handling for error of type 1
No explicit failure code handling for error of type 1
No explicit failure code handling for error of type 1
No explicit failure code handling for error of type 1
No explicit failure code handling for error of type 1
No explicit failure code handling for error of type 1
No explicit failure code handling for error of type 1
No explicit failure code handling for error of type 1
No explicit failure code handling for error of type 1
No explicit failure code handling for error of type 1
No explicit failure code handling for error of type 1
No explicit failure code handling for error of type 1
No explicit failure code handling for error of type 1
No explicit failure code handling for error of type 1
No explicit failure code handling for error of type 1
No explicit failure code handling for error of type 1
No explicit failure code handling for error of type 1
No explicit failure code handling for error of type 1
No explicit failure code handling for error of type 1
No explicit failure code handling for error of type 1
No explicit failure code handling for error of type 1
No explicit failure code handling for error of type 1
No explicit failure code handling for error of type 1
No explicit failure code handling for error of type 1
No explicit failure code handling for error of type 1
No explicit failure code handling for error of type 1
No explicit failure code handling for error of type 1
No explicit failure code handling for error of type 1
No explicit failure code handling for error of type 1
No explicit failure code handling for error of type 1
No explicit failure code handling for error of type 1
No explicit failure code handling for error of type 1
No explicit failure code handling for error of type 1
No explicit failure code handling for error of type 1
No explicit failure code handling for error of type 1
No explicit failure code handling for error of type 1
No explicit failure code handling for error of type 1
No explicit failure code handling for error of type 1
No explicit failure code handling for error of type 1
No explicit failure code handling for error of type 1
No explicit failure code handling for error of type 1
No explicit failure code handling for error of type 1
No explicit failure code handling for error of type 1
No explicit failure code handling for error of type 1
No explicit failure code handling for error of type 1
No explicit failure code handling for error of type 1
No explicit failure code handling for error of type 1
No explicit failure code handling for error of type 1
No explicit failure code handling for error of type 1
No explicit failure code handling for error of type 1
No explicit failure code handling for error of type 1
No explicit failure code handling for error of type 1
No explicit failure code handling for error of type 1
No explicit failure code handling for error of type 1
No explicit failure code handling for error of type 1
No explicit failure code handling for error of type 1
No explicit failure code handling for error of type 1
No explicit failure code handling for error of type 1
No explicit failure code handling for error of type 1
No explicit failure code handling for error of type 1
No explicit failure code handling for error of type 1
No explicit failure code handling for error of type 1
No explicit failure code handling for error of type 1
No explicit failure code handling for error of type 1
No explicit failure code handling for error of type 1
No explicit failure code handling for error of type 1
No explicit failure code handling for error of type 1
No explicit failure code handling for error of type 1
No explicit failure code handling for error of type 1
No explicit failure code handling for error of type 1
No explicit failure code handling for error of type 1
No explicit failure code handling for error of type 1
No explicit failure code handling for error of type 1
No explicit failure code handling for error of type 1
No explicit failure code handling for error of type 1
No explicit failure code handling for error of type 1
No explicit failure code handling for error of type 1
No explicit failure code handling for error of type 1
No explicit failure code handling for error of type 1
No explicit failure code handling for error of type 1
No explicit failure code handling for error of type 1
No explicit failure code handling for error of type 1
No explicit failure code handling for error of type 1
No explicit failure code handling for error of type 1
No explicit failure code handling for error of type 1
No explicit failure code handling for error of type 1
No explicit failure code handling for error of type 1
No explicit failure code handling for error of type 1
No explicit failure code handling for error of type 1
No explicit failure code handling for error of type 1
No explicit failure code handling for error of type 1
No explicit failure code handling for error of type 1
No explicit failure code handling for error of type 1
No explicit failure code handling for error of type 1
No explicit failure code handling for error of type 1
No explicit failure code handling for error of type 1
No explicit failure code handling for error of type 1
No explicit failure code handling for error of type 1
No explicit failure code handling for error of type 1
No explicit failure code handling for error of type 1
No explicit failure code handling for error of type 1
No explicit failure code handling for error of type 1
No explicit failure code handling for error of type 1
No explicit failure code handling for error of type 1
No explicit failure code handling for error of type 1
No explicit failure code handling for error of type 1
No explicit failure code handling for error of type 1
No explicit failure code handling for error of type 1
No explicit failure code handling for error of type 1
No explicit failure code handling for error of type 1
No explicit failure code handling for error of type 1
No explicit failure code handling for error of type 1
No explicit failure code handling for error of type 1
No explicit failure code handling for error of type 1
No explicit failure code handling for error of type 1
No explicit failure code handling for error of type 1
No explicit failure code handling for error of type 1
No explicit failure code handling for error of type 1
No explicit failure code handling for error of type 1
No explicit failure code handling for error of type 1
No explicit failure code handling for error of type 1
No explicit failure code handling for error of type 1
No explicit failure code handling for error of type 1
No explicit failure code handling for error of type 1
No explicit failure code handling for error of type 1
No explicit failure code handling for error of type 1
No explicit failure code handling for error of type 1
No explicit failure code handling for error of type 1
No explicit failure code handling for error of type 1
No explicit failure code handling for error of type 1
No explicit failure code handling for error of type 1
No explicit failure code handling for error of type 1
No explicit failure code handling for error of type 1
No explicit failure code handling for error of type 1
No explicit failure code handling for error of type 1
No explicit failure code handling for error of type 1
No explicit failure code handling for error of type 1
No explicit failure code handling for error of type 1
No explicit failure code handling for error of type 1
No explicit failure code handling for error of type 1
No explicit failure code handling for error of type 1
No explicit failure code handling for error of type 1
No explicit failure code handling for error of type 1
No explicit failure code handling for error of type 1
No explicit failure code handling for error of type 1
No explicit failure code handling for error of type 1
No explicit failure code handling for error of type 1
No explicit failure code handling for error of type 1
No explicit failure code handling for error of type 1
No explicit failure code handling for error of type 1
No explicit failure code handling for error of type 1
No explicit failure code handling for error of type 1
No explicit failure code handling for error of type 1
No explicit failure code handling for error of type 1
No explicit failure code handling for error of type 1
No explicit failure code handling for error of type 1
No explicit failure code handling for error of type 1
No explicit failure code handling for error of type 1
No explicit failure code handling for error of type 1
No explicit failure code handling for error of type 1
No explicit failure code handling for error of type 1
No explicit failure code handling for error of type 1
No explicit failure code handling for error of type 1
No explicit failure code handling for error of type 1
No explicit failure code handling for error of type 1
No explicit failure code handling for error of type 1
No explicit failure code handling for error of type 1
No explicit failure code handling for error of type 1
No explicit failure code handling for error of type 1
No explicit failure code handling for error of type 1
No explicit failure code handling for error of type 1
No explicit failure code handling for error of type 1
No explicit failure code handling for error of type 1
No explicit failure code handling for error of type 1
No explicit failure code handling for error of type 1
No explicit failure code handling for error of type 1
No explicit failure code handling for error of type 1
No explicit failure code handling for error of type 1
No explicit failure code handling for error of type 1
No explicit failure code handling for error of type 1
No explicit failure code handling for error of type 1
No explicit failure code handling for error of type 1
No explicit failure code handling for error of type 1
No explicit failure code handling for error of type 1
No explicit failure code handling for error of type 1
No explicit failure code handling for error of type 1
No explicit failure code handling for error of type 1
No explicit failure code handling for error of type 1
No explicit failure code handling for error of type 1
No explicit failure code handling for error of type 1
No explicit failure code handling for error of type 1
No explicit failure code handling for error of type 1
No explicit failure code handling for error of type 1
No explicit failure code handling for error of type 1
No explicit failure code handling for error of type 1
No explicit failure code handling for error of type 1
No explicit failure code handling for error of type 1
No explicit failure code handling for error of type 1
No explicit failure code handling for error of type 1
No explicit failure code handling for error of type 1
No explicit failure code handling for error of type 1
No explicit failure code handling for error of type 1
No explicit failure code handling for error of type 1
No explicit failure code handling for error of type 1
No explicit failure code handling for error of type 1
No explicit failure code handling for error of type 1
No explicit failure code handling for error of type 1
No explicit failure code handling for error of type 1
No explicit failure code handling for error of type 1
No explicit failure code handling for error of type 1
No explicit failure code handling for error of type 1
No explicit failure code handling for error of type 1
No explicit failure code handling for error of type 1
No explicit failure code handling for error of type 1
No explicit failure code handling for error of type 1
No explicit failure code handling for error of type 1
No explicit failure code handling for error of type 1
No explicit failure code handling for error of type 1
No explicit failure code handling for error of type 1
No explicit failure code handling for error of type 1
No explicit failure code handling for error of type 1
No explicit failure code handling for error of type 1
No explicit failure code handling for error of type 1
No explicit failure code handling for error of type 1
No explicit failure code handling for error of type 1
No explicit failure code handling for error of type 1
No explicit failure code handling for error of type 1
No explicit failure code handling for error of type 1
No explicit failure code handling for error of type 1
No explicit failure code handling for error of type 1
No explicit failure code handling for error of type 1
No explicit failure code handling for error of type 1
No explicit failure code handling for error of type 1
No explicit failure code handling for error of type 1
No explicit failure code handling for error of type 1
No explicit failure code handling for error of type 1
No explicit failure code handling for error of type 1
No explicit failure code handling for error of type 1
No explicit failure code handling for error of type 1
No explicit failure code handling for error of type 1
No explicit failure code handling for error of type 1
No explicit failure code handling for error of type 1
No explicit failure code handling for error of type 1
No explicit failure code handling for error of type 1
No explicit failure code handling for error of type 1
No explicit failure code handling for error of type 1
No explicit failure code handling for error of type 1
No explicit failure code handling for error of type 1
No explicit failure code handling for error of type 1
No explicit failure code handling for error of type 1
No explicit failure code handling for error of type 1
No explicit failure code handling for error of type 1
No explicit failure code handling for error of type 1
No explicit failure code handling for error of type 1
No explicit failure code handling for error of type 1
No explicit failure code handling for error of type 1
No explicit failure code handling for error of type 1
No explicit failure code handling for error of type 1
No explicit failure code handling for error of type 1
No explicit failure code handling for error of type 1
No explicit failure code handling for error of type 1
No explicit failure code handling for error of type 1
No explicit failure code handling for error of type 1
No explicit failure code handling for error of type 1
No explicit failure code handling for error of type 1
No explicit failure code handling for error of type 1
No explicit failure code handling for error of type 1
No explicit failure code handling for error of type 1
No explicit failure code handling for error of type 1
No explicit failure code handling for error of type 1
No explicit failure code handling for error of type 1
No explicit failure code handling for error of type 1
No explicit failure code handling for error of type 1
No explicit failure code handling for error of type 1
No explicit failure code handling for error of type 1
No explicit failure code handling for error of type 1
No explicit failure code handling for error of type 1
No explicit failure code handling for error of type 1
No explicit failure code handling for error of type 1
No explicit failure code handling for error of type 1
No explicit failure code handling for error of type 1
No explicit failure code handling for error of type 1
No explicit failure code handling for error of type 1
No explicit failure code handling for error of type 1
No explicit failure code handling for error of type 1
No explicit failure code handling for error of type 1
No explicit failure code handling for error of type 1
No explicit failure code handling for error of type 1
No explicit failure code handling for error of type 1
No explicit failure code handling for error of type 1
No explicit failure code handling for error of type 1
No explicit failure code handling for error of type 1
No explicit failure code handling for error of type 1
No explicit failure code handling for error of type 1
No explicit failure code handling for error of type 1
No explicit failure code handling for error of type 1
No explicit failure code handling for error of type 1
No explicit failure code handling for error of type 1
No explicit failure code handling for error of type 1
No explicit failure code handling for error of type 1
No explicit failure code handling for error of type 1
No explicit failure code handling for error of type 1
No explicit failure code handling for error of type 1
No explicit failure code handling for error of type 1
No explicit failure code handling for error of type 1
No explicit failure code handling for error of type 1
No explicit failure code handling for error of type 1
No explicit failure code handling for error of type 1
No explicit failure code handling for error of type 1
No explicit failure code handling for error of type 1
No explicit failure code handling for error of type 1
No explicit failure code handling for error of type 1
No explicit failure code handling for error of type 1
No explicit failure code handling for error of type 1
No explicit failure code handling for error of type 1
No explicit failure code handling for error of type 1
No explicit failure code handling for error of type 1
No explicit failure code handling for error of type 1
No explicit failure code handling for error of type 1
No explicit failure code handling for error of type 1
No explicit failure code handling for error of type 1
No explicit failure code handling for error of type 1
No explicit failure code handling for error of type 1
No explicit failure code handling for error of type 1
No explicit failure code handling for error of type 1
No explicit failure code handling for error of type 1
No explicit failure code handling for error of type 1
No explicit failure code handling for error of type 1
No explicit failure code handling for error of type 1
No explicit failure code handling for error of type 1
No explicit failure code handling for error of type 1
No explicit failure code handling for error of type 1
No explicit failure code handling for error of type 1
No explicit failure code handling for error of type 1
No explicit failure code handling for error of type 1
No explicit failure code handling for error of type 1
No explicit failure code handling for error of type 1
No explicit failure code handling for error of type 1
No explicit failure code handling for error of type 1
No explicit failure code handling for error of type 1
No explicit failure code handling for error of type 1
No explicit failure code handling for error of type 1
No explicit failure code handling for error of type 1
No explicit failure code handling for error of type 1
No explicit failure code handling for error of type 1
No explicit failure code handling for error of type 1
No explicit failure code handling for error of type 1
No explicit failure code handling for error of type 1
No explicit failure code handling for error of type 1
No explicit failure code handling for error of type 1
No explicit failure code handling for error of type 1
No explicit failure code handling for error of type 1
No explicit failure code handling for error of type 1
No explicit failure code handling for error of type 1
No explicit failure code handling for error of type 1
No explicit failure code handling for error of type 1
No explicit failure code handling for error of type 1
No explicit failure code handling for error of type 1
No explicit failure code handling for error of type 1
No explicit failure code handling for error of type 1
No explicit failure code handling for error of type 1
No explicit failure code handling for error of type 1
No explicit failure code handling for error of type 1
No explicit failure code handling for error of type 1
No explicit failure code handling for error of type 1
No explicit failure code handling for error of type 1
No explicit failure code handling for error of type 1
No explicit failure code handling for error of type 1
No explicit failure code handling for error of type 1
No explicit failure code handling for error of type 1
No explicit failure code handling for error of type 1
No explicit failure code handling for error of type 1
No explicit failure code handling for error of type 1
No explicit failure code handling for error of type 1
No explicit failure code handling for error of type 1
No explicit failure code handling for error of type 1
No explicit failure code handling for error of type 1
No explicit failure code handling for error of type 1
No explicit failure code handling for error of type 1
No explicit failure code handling for error of type 1
No explicit failure code handling for error of type 1
No explicit failure code handling for error of type 1
No explicit failure code handling for error of type 1
No explicit failure code handling for error of type 1
No explicit failure code handling for error of type 1
No explicit failure code handling for error of type 1
No explicit failure code handling for error of type 1
No explicit failure code handling for error of type 1
No explicit failure code handling for error of type 1
No explicit failure code handling for error of type 1
No explicit failure code handling for error of type 1
No explicit failure code handling for error of type 1
No explicit failure code handling for error of type 1
No explicit failure code handling for error of type 1
No explicit failure code handling for error of type 1
No explicit failure code handling for error of type 1
No explicit failure code handling for error of type 1
No explicit failure code handling for error of type 1
No explicit failure code handling for error of type 1
No explicit failure code handling for error of type 1
No explicit failure code handling for error of type 1
No explicit failure code handling for error of type 1
No explicit failure code handling for error of type 1
No explicit failure code handling for error of type 1
No explicit failure code handling for error of type 1
No explicit failure code handling for error of type 1
No explicit failure code handling for error of type 1
No explicit failure code handling for error of type 1
No explicit failure code handling for error of type 1
No explicit failure code handling for error of type 1
No explicit failure code handling for error of type 1
No explicit failure code handling for error of type 1
No explicit failure code handling for error of type 1
No explicit failure code handling for error of type 1
No explicit failure code handling for error of type 1
No explicit failure code handling for error of type 1
No explicit failure code handling for error of type 1
No explicit failure code handling for error of type 1
No explicit failure code handling for error of type 1
No explicit failure code handling for error of type 1
No explicit failure code handling for error of type 1
No explicit failure code handling for error of type 1
No explicit failure code handling for error of type 1
No explicit failure code handling for error of type 1
No explicit failure code handling for error of type 1
No explicit failure code handling for error of type 1
No explicit failure code handling for error of type 1
No explicit failure code handling for error of type 1
No explicit failure code handling for error of type 1
No explicit failure code handling for error of type 1
No explicit failure code handling for error of type 1
No explicit failure code handling for error of type 1
No explicit failure code handling for error of type 1
No explicit failure code handling for error of type 1
No explicit failure code handling for error of type 1
No explicit failure code handling for error of type 1
No explicit failure code handling for error of type 1
No explicit failure code handling for error of type 1
No explicit failure code handling for error of type 1
No explicit failure code handling for error of type 1
No explicit failure code handling for error of type 1
No explicit failure code handling for error of type 1
No explicit failure code handling for error of type 1
No explicit failure code handling for error of type 1
No explicit failure code handling for error of type 1
No explicit failure code handling for error of type 1
No explicit failure code handling for error of type 1
No explicit failure code handling for error of type 1
No explicit failure code handling for error of type 1
No explicit failure code handling for error of type 1
No explicit failure code handling for error of type 1
No explicit failure code handling for error of type 1
No explicit failure code handling for error of type 1
No explicit failure code handling for error of type 1
No explicit failure code handling for error of type 1
No explicit failure code handling for error of type 1
No explicit failure code handling for error of type 1
No explicit failure code handling for error of type 1
No explicit failure code handling for error of type 1
No explicit failure code handling for error of type 1
No explicit failure code handling for error of type 1
No explicit failure code handling for error of type 1
No explicit failure code handling for error of type 1
No explicit failure code handling for error of type 1
No explicit failure code handling for error of type 1
No explicit failure code handling for error of type 1
No explicit failure code handling for error of type 1
No explicit failure code handling for error of type 1
No explicit failure code handling for error of type 1
No explicit failure code handling for error of type 1
No explicit failure code handling for error of type 1
No explicit failure code handling for error of type 1
No explicit failure code handling for error of type 1
No explicit failure code handling for error of type 1
No explicit failure code handling for error of type 1
No explicit failure code handling for error of type 1
No explicit failure code handling for error of type 1
No explicit failure code handling for error of type 1
No explicit failure code handling for error of type 1
No explicit failure code handling for error of type 1
No explicit failure code handling for error of type 1
No explicit failure code handling for error of type 1
No explicit failure code handling for error of type 1
No explicit failure code handling for error of type 1
No explicit failure code handling for error of type 1
No explicit failure code handling for error of type 1
No explicit failure code handling for error of type 1
No explicit failure code handling for error of type 1
No explicit failure code handling for error of type 1
No explicit failure code handling for error of type 1
No explicit failure code handling for error of type 1
No explicit failure code handling for error of type 1
No explicit failure code handling for error of type 1
No explicit failure code handling for error of type 1
No explicit failure code handling for error of type 1
No explicit failure code handling for error of type 1
No explicit failure code handling for error of type 1
No explicit failure code handling for error of type 1
No explicit failure code handling for error of type 1
No explicit failure code handling for error of type 1
No explicit failure code handling for error of type 1
No explicit failure code handling for error of type 1
No explicit failure code handling for error of type 1
No explicit failure code handling for error of type 1
No explicit failure code handling for error of type 1
No explicit failure code handling for error of type 1
No explicit failure code handling for error of type 1
No explicit failure code handling for error of type 1
No explicit failure code handling for error of type 1
No explicit failure code handling for error of type 1
No explicit failure code handling for error of type 1
No explicit failure code handling for error of type 1
No explicit failure code handling for error of type 1
No explicit failure code handling for error of type 1
No explicit failure code handling for error of type 1
No explicit failure code handling for error of type 1
No explicit failure code handling for error of type 1
No explicit failure code handling for error of type 1
No explicit failure code handling for error of type 1
No explicit failure code handling for error of type 1
No explicit failure code handling for error of type 1
No explicit failure code handling for error of type 1
No explicit failure code handling for error of type 1
No explicit failure code handling for error of type 1
No explicit failure code handling for error of type 1
No explicit failure code handling for error of type 1
No explicit failure code handling for error of type 1
No explicit failure code handling for error of type 1
No explicit failure code handling for error of type 1
No explicit failure code handling for error of type 1
No explicit failure code handling for error of type 1
No explicit failure code handling for error of type 1
No explicit failure code handling for error of type 1
No explicit failure code handling for error of type 1
No explicit failure code handling for error of type 1
No explicit failure code handling for error of type 1
No explicit failure code handling for error of type 1
No explicit failure code handling for error of type 1
No explicit failure code handling for error of type 1
No explicit failure code handling for error of type 1
No explicit failure code handling for error of type 1
No explicit failure code handling for error of type 1
No explicit failure code handling for error of type 1
No explicit failure code handling for error of type 1
No explicit failure code handling for error of type 1
No explicit failure code handling for error of type 1
No explicit failure code handling for error of type 1
No explicit failure code handling for error of type 1
No explicit failure code handling for error of type 1
No explicit failure code handling for error of type 1
No explicit failure code handling for error of type 1
No explicit failure code handling for error of type 1
No explicit failure code handling for error of type 1
No explicit failure code handling for error of type 1
No explicit failure code handling for error of type 1
No explicit failure code handling for error of type 1
No explicit failure code handling for error of type 1
No explicit failure code handling for error of type 1
No explicit failure code handling for error of type 1
No explicit failure code handling for error of type 1
No explicit failure code handling for error of type 1
No explicit failure code handling for error of type 1
No explicit failure code handling for error of type 1
No explicit failure code handling for error of type 1
No explicit failure code handling for error of type 1
No explicit failure code handling for error of type 1
No explicit failure code handling for error of type 1
No explicit failure code handling for error of type 1
No explicit failure code handling for error of type 1
No explicit failure code handling for error of type 1
No explicit failure code handling for error of type 1
[Package Manager] Could not connect to IPC stream "Upm-97647" after 30.0 seconds.
[Package Manager] Could not establish a connection with the Unity Package Manager local server process.
[Package Manager] Server process was shutdown
